Archive member included to satisfy reference by file (symbol)

c:/st/stm32cubeide_1.9.0/stm32cubeide/plugins/com.st.stm32cube.ide.mcu.externaltools.gnu-tools-for-stm32.10.3-2021.10.win32_1.0.0.202111181127/tools/bin/../lib/gcc/arm-none-eabi/10.3.1/../../../../arm-none-eabi/lib/thumb/v7-m/nofp\libc_nano.a(lib_a-errno.o)
                              ./Application/User/Core/syscalls.o (__errno)
c:/st/stm32cubeide_1.9.0/stm32cubeide/plugins/com.st.stm32cube.ide.mcu.externaltools.gnu-tools-for-stm32.10.3-2021.10.win32_1.0.0.202111181127/tools/bin/../lib/gcc/arm-none-eabi/10.3.1/../../../../arm-none-eabi/lib/thumb/v7-m/nofp\libc_nano.a(lib_a-exit.o)
                              c:/st/stm32cubeide_1.9.0/stm32cubeide/plugins/com.st.stm32cube.ide.mcu.externaltools.gnu-tools-for-stm32.10.3-2021.10.win32_1.0.0.202111181127/tools/bin/../lib/gcc/arm-none-eabi/10.3.1/../../../../arm-none-eabi/lib/thumb/v7-m/nofp/crt0.o (exit)
c:/st/stm32cubeide_1.9.0/stm32cubeide/plugins/com.st.stm32cube.ide.mcu.externaltools.gnu-tools-for-stm32.10.3-2021.10.win32_1.0.0.202111181127/tools/bin/../lib/gcc/arm-none-eabi/10.3.1/../../../../arm-none-eabi/lib/thumb/v7-m/nofp\libc_nano.a(lib_a-impure.o)
                              c:/st/stm32cubeide_1.9.0/stm32cubeide/plugins/com.st.stm32cube.ide.mcu.externaltools.gnu-tools-for-stm32.10.3-2021.10.win32_1.0.0.202111181127/tools/bin/../lib/gcc/arm-none-eabi/10.3.1/../../../../arm-none-eabi/lib/thumb/v7-m/nofp\libc_nano.a(lib_a-exit.o) (_global_impure_ptr)
c:/st/stm32cubeide_1.9.0/stm32cubeide/plugins/com.st.stm32cube.ide.mcu.externaltools.gnu-tools-for-stm32.10.3-2021.10.win32_1.0.0.202111181127/tools/bin/../lib/gcc/arm-none-eabi/10.3.1/../../../../arm-none-eabi/lib/thumb/v7-m/nofp\libc_nano.a(lib_a-init.o)
                              c:/st/stm32cubeide_1.9.0/stm32cubeide/plugins/com.st.stm32cube.ide.mcu.externaltools.gnu-tools-for-stm32.10.3-2021.10.win32_1.0.0.202111181127/tools/bin/../lib/gcc/arm-none-eabi/10.3.1/../../../../arm-none-eabi/lib/thumb/v7-m/nofp/crt0.o (__libc_init_array)
c:/st/stm32cubeide_1.9.0/stm32cubeide/plugins/com.st.stm32cube.ide.mcu.externaltools.gnu-tools-for-stm32.10.3-2021.10.win32_1.0.0.202111181127/tools/bin/../lib/gcc/arm-none-eabi/10.3.1/../../../../arm-none-eabi/lib/thumb/v7-m/nofp\libc_nano.a(lib_a-memset.o)
                              c:/st/stm32cubeide_1.9.0/stm32cubeide/plugins/com.st.stm32cube.ide.mcu.externaltools.gnu-tools-for-stm32.10.3-2021.10.win32_1.0.0.202111181127/tools/bin/../lib/gcc/arm-none-eabi/10.3.1/../../../../arm-none-eabi/lib/thumb/v7-m/nofp/crt0.o (memset)
c:/st/stm32cubeide_1.9.0/stm32cubeide/plugins/com.st.stm32cube.ide.mcu.externaltools.gnu-tools-for-stm32.10.3-2021.10.win32_1.0.0.202111181127/tools/bin/../lib/gcc/arm-none-eabi/10.3.1/../../../../arm-none-eabi/lib/thumb/v7-m/nofp\libc_nano.a(lib_a-printf.o)
                              ./Middlewares/USB_Device_Library/usbd_core.o (printf)
c:/st/stm32cubeide_1.9.0/stm32cubeide/plugins/com.st.stm32cube.ide.mcu.externaltools.gnu-tools-for-stm32.10.3-2021.10.win32_1.0.0.202111181127/tools/bin/../lib/gcc/arm-none-eabi/10.3.1/../../../../arm-none-eabi/lib/thumb/v7-m/nofp\libc_nano.a(lib_a-putchar.o)
                              ./Middlewares/USB_Device_Library/usbd_core.o (putchar)
c:/st/stm32cubeide_1.9.0/stm32cubeide/plugins/com.st.stm32cube.ide.mcu.externaltools.gnu-tools-for-stm32.10.3-2021.10.win32_1.0.0.202111181127/tools/bin/../lib/gcc/arm-none-eabi/10.3.1/../../../../arm-none-eabi/lib/thumb/v7-m/nofp\libc_nano.a(lib_a-findfp.o)
                              c:/st/stm32cubeide_1.9.0/stm32cubeide/plugins/com.st.stm32cube.ide.mcu.externaltools.gnu-tools-for-stm32.10.3-2021.10.win32_1.0.0.202111181127/tools/bin/../lib/gcc/arm-none-eabi/10.3.1/../../../../arm-none-eabi/lib/thumb/v7-m/nofp\libc_nano.a(lib_a-printf.o) (__sinit)
c:/st/stm32cubeide_1.9.0/stm32cubeide/plugins/com.st.stm32cube.ide.mcu.externaltools.gnu-tools-for-stm32.10.3-2021.10.win32_1.0.0.202111181127/tools/bin/../lib/gcc/arm-none-eabi/10.3.1/../../../../arm-none-eabi/lib/thumb/v7-m/nofp\libc_nano.a(lib_a-fwalk.o)
                              c:/st/stm32cubeide_1.9.0/stm32cubeide/plugins/com.st.stm32cube.ide.mcu.externaltools.gnu-tools-for-stm32.10.3-2021.10.win32_1.0.0.202111181127/tools/bin/../lib/gcc/arm-none-eabi/10.3.1/../../../../arm-none-eabi/lib/thumb/v7-m/nofp\libc_nano.a(lib_a-findfp.o) (_fwalk)
c:/st/stm32cubeide_1.9.0/stm32cubeide/plugins/com.st.stm32cube.ide.mcu.externaltools.gnu-tools-for-stm32.10.3-2021.10.win32_1.0.0.202111181127/tools/bin/../lib/gcc/arm-none-eabi/10.3.1/../../../../arm-none-eabi/lib/thumb/v7-m/nofp\libc_nano.a(lib_a-lock.o)
                              c:/st/stm32cubeide_1.9.0/stm32cubeide/plugins/com.st.stm32cube.ide.mcu.externaltools.gnu-tools-for-stm32.10.3-2021.10.win32_1.0.0.202111181127/tools/bin/../lib/gcc/arm-none-eabi/10.3.1/../../../../arm-none-eabi/lib/thumb/v7-m/nofp\libc_nano.a(lib_a-findfp.o) (__retarget_lock_init_recursive)
[...]
Memory Configuration

Name             Origin             Length             Attributes
RAM              0x0000000020000000 0x0000000000005000 xrw
FLASH            0x0000000008000000 0x0000000000010000 xr
*default*        0x0000000000000000 0xffffffffffffffff

Linker script and memory map

LOAD c:/st/stm32cubeide_1.9.0/stm32cubeide/plugins/com.st.stm32cube.ide.mcu.externaltools.gnu-tools-for-stm32.10.3-2021.10.win32_1.0.0.202111181127/tools/bin/../lib/gcc/arm-none-eabi/10.3.1/thumb/v7-m/nofp/crti.o
LOAD c:/st/stm32cubeide_1.9.0/stm32cubeide/plugins/com.st.stm32cube.ide.mcu.externaltools.gnu-tools-for-stm32.10.3-2021.10.win32_1.0.0.202111181127/tools/bin/../lib/gcc/arm-none-eabi/10.3.1/thumb/v7-m/nofp/crtbegin.o
LOAD c:/st/stm32cubeide_1.9.0/stm32cubeide/plugins/com.st.stm32cube.ide.mcu.externaltools.gnu-tools-for-stm32.10.3-2021.10.win32_1.0.0.202111181127/tools/bin/../lib/gcc/arm-none-eabi/10.3.1/../../../../arm-none-eabi/lib/thumb/v7-m/nofp/crt0.o
LOAD ./Application/User/Core/main.o
LOAD ./Application/User/Core/stm32f1xx_hal_msp.o
LOAD ./Application/User/Core/stm32f1xx_it.o
LOAD ./Application/User/Core/syscalls.o
LOAD ./Application/User/Core/sysmem.o
LOAD ./Application/User/Startup/startup_stm32f103c8tx.o
LOAD ./Application/User/USB_DEVICE/App/usb_device.o
LOAD ./Application/User/USB_DEVICE/App/usbd_cdc_if.o
LOAD ./Application/User/USB_DEVICE/App/usbd_desc.o
LOAD ./Application/User/USB_DEVICE/Target/usbd_conf.o
LOAD ./Drivers/CMSIS/system_stm32f1xx.o
LOAD ./Drivers/STM32F1xx_HAL_Driver/stm32f1xx_hal.o
LOAD ./Drivers/STM32F1xx_HAL_Driver/stm32f1xx_hal_cortex.o
LOAD ./Drivers/STM32F1xx_HAL_Driver/stm32f1xx_hal_dma.o
LOAD ./Drivers/STM32F1xx_HAL_Driver/stm32f1xx_hal_exti.o
LOAD ./Drivers/STM32F1xx_HAL_Driver/stm32f1xx_hal_flash.o
LOAD ./Drivers/STM32F1xx_HAL_Driver/stm32f1xx_hal_flash_ex.o
LOAD ./Drivers/STM32F1xx_HAL_Driver/stm32f1xx_hal_gpio.o
LOAD ./Drivers/STM32F1xx_HAL_Driver/stm32f1xx_hal_gpio_ex.o
LOAD ./Drivers/STM32F1xx_HAL_Driver/stm32f1xx_hal_pcd.o
LOAD ./Drivers/STM32F1xx_HAL_Driver/stm32f1xx_hal_pcd_ex.o
LOAD ./Drivers/STM32F1xx_HAL_Driver/stm32f1xx_hal_pwr.o
LOAD ./Drivers/STM32F1xx_HAL_Driver/stm32f1xx_hal_rcc.o
LOAD ./Drivers/STM32F1xx_HAL_Driver/stm32f1xx_hal_rcc_ex.o
LOAD ./Drivers/STM32F1xx_HAL_Driver/stm32f1xx_hal_tim.o
LOAD ./Drivers/STM32F1xx_HAL_Driver/stm32f1xx_hal_tim_ex.o
LOAD ./Drivers/STM32F1xx_HAL_Driver/stm32f1xx_ll_usb.o
LOAD ./Middlewares/USB_Device_Library/usbd_cdc.o
LOAD ./Middlewares/USB_Device_Library/usbd_core.o
LOAD ./Middlewares/USB_Device_Library/usbd_ctlreq.o
LOAD ./Middlewares/USB_Device_Library/usbd_ioreq.o
START GROUP
LOAD c:/st/stm32cubeide_1.9.0/stm32cubeide/plugins/com.st.stm32cube.ide.mcu.externaltools.gnu-tools-for-stm32.10.3-2021.10.win32_1.0.0.202111181127/tools/bin/../lib/gcc/arm-none-eabi/10.3.1/../../../../arm-none-eabi/lib/thumb/v7-m/nofp\libc_nano.a
LOAD c:/st/stm32cubeide_1.9.0/stm32cubeide/plugins/com.st.stm32cube.ide.mcu.externaltools.gnu-tools-for-stm32.10.3-2021.10.win32_1.0.0.202111181127/tools/bin/../lib/gcc/arm-none-eabi/10.3.1/../../../../arm-none-eabi/lib/thumb/v7-m/nofp\libm.a
END GROUP
START GROUP
LOAD c:/st/stm32cubeide_1.9.0/stm32cubeide/plugins/com.st.stm32cube.ide.mcu.externaltools.gnu-tools-for-stm32.10.3-2021.10.win32_1.0.0.202111181127/tools/bin/../lib/gcc/arm-none-eabi/10.3.1/thumb/v7-m/nofp\libgcc.a
LOAD c:/st/stm32cubeide_1.9.0/stm32cubeide/plugins/com.st.stm32cube.ide.mcu.externaltools.gnu-tools-for-stm32.10.3-2021.10.win32_1.0.0.202111181127/tools/bin/../lib/gcc/arm-none-eabi/10.3.1/../../../../arm-none-eabi/lib/thumb/v7-m/nofp\libc_nano.a
END GROUP
START GROUP
LOAD c:/st/stm32cubeide_1.9.0/stm32cubeide/plugins/com.st.stm32cube.ide.mcu.externaltools.gnu-tools-for-stm32.10.3-2021.10.win32_1.0.0.202111181127/tools/bin/../lib/gcc/arm-none-eabi/10.3.1/thumb/v7-m/nofp\libgcc.a
LOAD c:/st/stm32cubeide_1.9.0/stm32cubeide/plugins/com.st.stm32cube.ide.mcu.externaltools.gnu-tools-for-stm32.10.3-2021.10.win32_1.0.0.202111181127/tools/bin/../lib/gcc/arm-none-eabi/10.3.1/../../../../arm-none-eabi/lib/thumb/v7-m/nofp\libc_nano.a
LOAD c:/st/stm32cubeide_1.9.0/stm32cubeide/plugins/com.st.stm32cube.ide.mcu.externaltools.gnu-tools-for-stm32.10.3-2021.10.win32_1.0.0.202111181127/tools/bin/../lib/gcc/arm-none-eabi/10.3.1/../../../../arm-none-eabi/lib/thumb/v7-m/nofp\libnosys.a
END GROUP
START GROUP
LOAD c:/st/stm32cubeide_1.9.0/stm32cubeide/plugins/com.st.stm32cube.ide.mcu.externaltools.gnu-tools-for-stm32.10.3-2021.10.win32_1.0.0.202111181127/tools/bin/../lib/gcc/arm-none-eabi/10.3.1/thumb/v7-m/nofp\libgcc.a
LOAD c:/st/stm32cubeide_1.9.0/stm32cubeide/plugins/com.st.stm32cube.ide.mcu.externaltools.gnu-tools-for-stm32.10.3-2021.10.win32_1.0.0.202111181127/tools/bin/../lib/gcc/arm-none-eabi/10.3.1/../../../../arm-none-eabi/lib/thumb/v7-m/nofp\libc_nano.a
LOAD c:/st/stm32cubeide_1.9.0/stm32cubeide/plugins/com.st.stm32cube.ide.mcu.externaltools.gnu-tools-for-stm32.10.3-2021.10.win32_1.0.0.202111181127/tools/bin/../lib/gcc/arm-none-eabi/10.3.1/../../../../arm-none-eabi/lib/thumb/v7-m/nofp\libnosys.a
END GROUP
LOAD c:/st/stm32cubeide_1.9.0/stm32cubeide/plugins/com.st.stm32cube.ide.mcu.externaltools.gnu-tools-for-stm32.10.3-2021.10.win32_1.0.0.202111181127/tools/bin/../lib/gcc/arm-none-eabi/10.3.1/thumb/v7-m/nofp/crtend.o
LOAD c:/st/stm32cubeide_1.9.0/stm32cubeide/plugins/com.st.stm32cube.ide.mcu.externaltools.gnu-tools-for-stm32.10.3-2021.10.win32_1.0.0.202111181127/tools/bin/../lib/gcc/arm-none-eabi/10.3.1/thumb/v7-m/nofp/crtn.o
                0x0000000020005000                _estack = (ORIGIN (RAM) + LENGTH (RAM))
                0x0000000000000200                _Min_Heap_Size = 0x200
                0x0000000000000400                _Min_Stack_Size = 0x400

.isr_vector     0x0000000008000000      0x10c
                0x0000000008000000                . = ALIGN (0x4)
 *(.isr_vector)
 .isr_vector    0x0000000008000000      0x10c ./Application/User/Startup/startup_stm32f103c8tx.o
                0x0000000008000000                g_pfnVectors
                0x000000000800010c                . = ALIGN (0x4)

.text           0x000000000800010c     0xadac
                0x000000000800010c                . = ALIGN (0x4)
 *(.text)
 .text          0x000000000800010c       0x40 c:/st/stm32cubeide_1.9.0/stm32cubeide/plugins/com.st.stm32cube.ide.mcu.externaltools.gnu-tools-for-stm32.10.3-2021.10.win32_1.0.0.202111181127/tools/bin/../lib/gcc/arm-none-eabi/10.3.1/thumb/v7-m/nofp/crtbegin.o
 .text          0x000000000800014c      0x378 c:/st/stm32cubeide_1.9.0/stm32cubeide/plugins/com.st.stm32cube.ide.mcu.externaltools.gnu-tools-for-stm32.10.3-2021.10.win32_1.0.0.202111181127/tools/bin/../lib/gcc/arm-none-eabi/10.3.1/thumb/v7-m/nofp\libgcc.a(_arm_addsubdf3.o)
                0x000000000800014c                __aeabi_drsub
                0x0000000008000154                __aeabi_dsub
                0x0000000008000154                __subdf3
                0x0000000008000158                __aeabi_dadd
                0x0000000008000158                __adddf3
                0x00000000080003d0                __floatunsidf
                0x00000000080003d0                __aeabi_ui2d
                0x00000000080003f0                __floatsidf
                0x00000000080003f0                __aeabi_i2d
                0x0000000008000414                __aeabi_f2d
                0x0000000008000414                __extendsfdf2
                0x0000000008000458                __floatundidf
                0x0000000008000458                __aeabi_ul2d
                0x0000000008000468                __floatdidf
                0x0000000008000468                __aeabi_l2d
 .text          0x00000000080004c4      0x21c c:/st/stm32cubeide_1.9.0/stm32cubeide/plugins/com.st.stm32cube.ide.mcu.externaltools.gnu-tools-for-stm32.10.3-2021.10.win32_1.0.0.202111181127/tools/bin/../lib/gcc/arm-none-eabi/10.3.1/thumb/v7-m/nofp\libgcc.a(_arm_addsubsf3.o)
                0x00000000080004c4                __aeabi_frsub
                0x00000000080004cc                __subsf3
                0x00000000080004cc                __aeabi_fsub
                0x00000000080004d0                __aeabi_fadd
                0x00000000080004d0                __addsf3
                0x0000000008000630                __aeabi_ui2f
                0x0000000008000630                __floatunsisf
                0x0000000008000638                __aeabi_i2f
                0x0000000008000638                __floatsisf
                0x0000000008000654                __aeabi_ul2f
                0x0000000008000654                __floatundisf
                0x0000000008000664                __aeabi_l2f
                0x0000000008000664                __floatdisf
 .text          0x00000000080006e0      0x2a0 c:/st/stm32cubeide_1.9.0/stm32cubeide/plugins/com.st.stm32cube.ide.mcu.externaltools.gnu-tools-for-stm32.10.3-2021.10.win32_1.0.0.202111181127/tools/bin/../lib/gcc/arm-none-eabi/10.3.1/thumb/v7-m/nofp\libgcc.a(_arm_muldivsf3.o)
                0x00000000080006e0                __mulsf3
                0x00000000080006e0                __aeabi_fmul
                0x0000000008000848                __aeabi_fdiv
                0x0000000008000848                __divsf3
 .text          0x0000000008000980       0x4c c:/st/stm32cubeide_1.9.0/stm32cubeide/plugins/com.st.stm32cube.ide.mcu.externaltools.gnu-tools-for-stm32.10.3-2021.10.win32_1.0.0.202111181127/tools/bin/../lib/gcc/arm-none-eabi/10.3.1/thumb/v7-m/nofp\libgcc.a(_arm_fixsfsi.o)
                0x0000000008000980                __aeabi_f2iz
                0x0000000008000980                __fixsfsi
 *(.text*)
 .text.main     0x00000000080009cc       0x8c ./Application/User/Core/main.o
                0x00000000080009cc                main
 .text.SystemClock_Config
                0x0000000008000a58       0xb4 ./Application/User/Core/main.o
                0x0000000008000a58                SystemClock_Config
 .text.MX_TIM1_Init
                0x0000000008000b0c       0xe8 ./Application/User/Core/main.o
 .text.MX_TIM2_Init
                0x0000000008000bf4      0x130 ./Application/User/Core/main.o
 .text.MX_GPIO_Init
                0x0000000008000d24       0xb0 ./Application/User/Core/main.o
 .text.vol_calibrate_antenna
                0x0000000008000dd4       0x9c ./Application/User/Core/main.o
                0x0000000008000dd4                vol_calibrate_antenna
 .text.is_in_range
                0x0000000008000e70       0x2c ./Application/User/Core/main.o
                0x0000000008000e70                is_in_range
 .text.vol_play_hw
                0x0000000008000e9c       0x20 ./Application/User/Core/main.o
                0x0000000008000e9c                vol_play_hw
 .text.vol_play
                0x0000000008000ebc      0x100 ./Application/User/Core/main.o
                0x0000000008000ebc                vol_play
 .text.HAL_TIM_IC_CaptureCallback
                0x0000000008000fbc      0x104 ./Application/User/Core/main.o
                0x0000000008000fbc                HAL_TIM_IC_CaptureCallback
 .text.Error_Handler
                0x00000000080010c0        0xa ./Application/User/Core/main.o
                0x00000000080010c0                Error_Handler
 *fill*         0x00000000080010ca        0x2 
 .text.HAL_MspInit
                0x00000000080010cc       0x84 ./Application/User/Core/stm32f1xx_hal_msp.o
                0x00000000080010cc                HAL_MspInit
 .text.HAL_TIM_Base_MspInit
                0x0000000008001150       0xf4 ./Application/User/Core/stm32f1xx_hal_msp.o
                0x0000000008001150                HAL_TIM_Base_MspInit
 .text.HAL_TIM_MspPostInit
                0x0000000008001244       0x60 ./Application/User/Core/stm32f1xx_hal_msp.o
                0x0000000008001244                HAL_TIM_MspPostInit
 .text.NMI_Handler
                0x00000000080012a4        0x6 ./Application/User/Core/stm32f1xx_it.o
                0x00000000080012a4                NMI_Handler
 .text.HardFault_Handler
                0x00000000080012aa        0x6 ./Application/User/Core/stm32f1xx_it.o
                0x00000000080012aa                HardFault_Handler
 .text.MemManage_Handler
                0x00000000080012b0        0x6 ./Application/User/Core/stm32f1xx_it.o
                0x00000000080012b0                MemManage_Handler
 .text.BusFault_Handler
                0x00000000080012b6        0x6 ./Application/User/Core/stm32f1xx_it.o
                0x00000000080012b6                BusFault_Handler
 .text.UsageFault_Handler
                0x00000000080012bc        0x6 ./Application/User/Core/stm32f1xx_it.o
                0x00000000080012bc                UsageFault_Handler
 .text.SVC_Handler
                0x00000000080012c2        0xc ./Application/User/Core/stm32f1xx_it.o
                0x00000000080012c2                SVC_Handler
 .text.DebugMon_Handler
                0x00000000080012ce        0xc ./Application/User/Core/stm32f1xx_it.o
                0x00000000080012ce                DebugMon_Handler
 .text.PendSV_Handler
                0x00000000080012da        0xc ./Application/User/Core/stm32f1xx_it.o
                0x00000000080012da                PendSV_Handler
 .text.SysTick_Handler
                0x00000000080012e6        0xc ./Application/User/Core/stm32f1xx_it.o
                0x00000000080012e6                SysTick_Handler
 .text.RCC_IRQHandler
                0x00000000080012f2        0xc ./Application/User/Core/stm32f1xx_it.o
                0x00000000080012f2                RCC_IRQHandler
 *fill*         0x00000000080012fe        0x2 
 .text.USB_HP_CAN1_TX_IRQHandler
                0x0000000008001300       0x14 ./Application/User/Core/stm32f1xx_it.o
                0x0000000008001300                USB_HP_CAN1_TX_IRQHandler
 .text.USB_LP_CAN1_RX0_IRQHandler
                0x0000000008001314       0x14 ./Application/User/Core/stm32f1xx_it.o
                0x0000000008001314                USB_LP_CAN1_RX0_IRQHandler
 .text.TIM1_BRK_IRQHandler
                0x0000000008001328       0x14 ./Application/User/Core/stm32f1xx_it.o
                0x0000000008001328                TIM1_BRK_IRQHandler
 .text.TIM1_UP_IRQHandler
                0x000000000800133c       0x14 ./Application/User/Core/stm32f1xx_it.o
                0x000000000800133c                TIM1_UP_IRQHandler
 .text.TIM1_TRG_COM_IRQHandler
                0x0000000008001350       0x14 ./Application/User/Core/stm32f1xx_it.o
                0x0000000008001350                TIM1_TRG_COM_IRQHandler
 .text.TIM1_CC_IRQHandler
                0x0000000008001364       0x14 ./Application/User/Core/stm32f1xx_it.o
                0x0000000008001364                TIM1_CC_IRQHandler
 .text.TIM2_IRQHandler
                0x0000000008001378       0x14 ./Application/User/Core/stm32f1xx_it.o
                0x0000000008001378                TIM2_IRQHandler
 .text._read    0x000000000800138c       0x3a ./Application/User/Core/syscalls.o
                0x000000000800138c                _read
 .text._write   0x00000000080013c6       0x38 ./Application/User/Core/syscalls.o
                0x00000000080013c6                _write
 .text._close   0x00000000080013fe       0x16 ./Application/User/Core/syscalls.o
                0x00000000080013fe                _close
 .text._fstat   0x0000000008001414       0x1e ./Application/User/Core/syscalls.o
                0x0000000008001414                _fstat
 .text._isatty  0x0000000008001432       0x14 ./Application/User/Core/syscalls.o
                0x0000000008001432                _isatty
 .text._lseek   0x0000000008001446       0x18 ./Application/User/Core/syscalls.o
                0x0000000008001446                _lseek
 *fill*         0x000000000800145e        0x2 
 .text._sbrk    0x0000000008001460       0x6c ./Application/User/Core/sysmem.o
                0x0000000008001460                _sbrk
 .text.Reset_Handler
                0x00000000080014cc       0x48 ./Application/User/Startup/startup_stm32f103c8tx.o
                0x00000000080014cc                Reset_Handler
 .text.Default_Handler
                0x0000000008001514        0x2 ./Application/User/Startup/startup_stm32f103c8tx.o
                0x0000000008001514                RTC_Alarm_IRQHandler
                0x0000000008001514                EXTI2_IRQHandler
                0x0000000008001514                PVD_IRQHandler
                0x0000000008001514                EXTI3_IRQHandler
                0x0000000008001514                EXTI0_IRQHandler
                0x0000000008001514                I2C2_EV_IRQHandler
                0x0000000008001514                ADC1_2_IRQHandler
                0x0000000008001514                SPI1_IRQHandler
                0x0000000008001514                TAMPER_IRQHandler
                0x0000000008001514                DMA1_Channel4_IRQHandler
                0x0000000008001514                USART3_IRQHandler
                0x0000000008001514                RTC_IRQHandler
                0x0000000008001514                DMA1_Channel7_IRQHandler
                0x0000000008001514                CAN1_RX1_IRQHandler
                0x0000000008001514                TIM4_IRQHandler
                0x0000000008001514                I2C1_EV_IRQHandler
                0x0000000008001514                DMA1_Channel6_IRQHandler
                0x0000000008001514                TIM3_IRQHandler
                0x0000000008001514                DMA1_Channel1_IRQHandler
                0x0000000008001514                Default_Handler
                0x0000000008001514                EXTI15_10_IRQHandler
                0x0000000008001514                EXTI9_5_IRQHandler
                0x0000000008001514                SPI2_IRQHandler
                0x0000000008001514                DMA1_Channel5_IRQHandler
                0x0000000008001514                EXTI4_IRQHandler
                0x0000000008001514                DMA1_Channel3_IRQHandler
                0x0000000008001514                WWDG_IRQHandler
                0x0000000008001514                EXTI1_IRQHandler
                0x0000000008001514                USART2_IRQHandler
                0x0000000008001514                I2C2_ER_IRQHandler
                0x0000000008001514                DMA1_Channel2_IRQHandler
                0x0000000008001514                CAN1_SCE_IRQHandler
                0x0000000008001514                FLASH_IRQHandler
                0x0000000008001514                USART1_IRQHandler
                0x0000000008001514                I2C1_ER_IRQHandler
                0x0000000008001514                USBWakeUp_IRQHandler
 *fill*         0x0000000008001516        0x2 
 .text.MX_USB_DEVICE_Init
                0x0000000008001518       0x60 ./Application/User/USB_DEVICE/App/usb_device.o
                0x0000000008001518                MX_USB_DEVICE_Init
 .text.CDC_Init_FS
                0x0000000008001578       0x28 ./Application/User/USB_DEVICE/App/usbd_cdc_if.o
 .text.CDC_DeInit_FS
                0x00000000080015a0        0xe ./Application/User/USB_DEVICE/App/usbd_cdc_if.o
 *fill*         0x00000000080015ae        0x2 
 .text.CDC_Control_FS
                0x00000000080015b0       0xbc ./Application/User/USB_DEVICE/App/usbd_cdc_if.o
 .text.CDC_Receive_FS
                0x000000000800166c       0x28 ./Application/User/USB_DEVICE/App/usbd_cdc_if.o
 .text.USBD_FS_DeviceDescriptor
                0x0000000008001694       0x24 ./Application/User/USB_DEVICE/App/usbd_desc.o
                0x0000000008001694                USBD_FS_DeviceDescriptor
 .text.USBD_FS_LangIDStrDescriptor
                0x00000000080016b8       0x24 ./Application/User/USB_DEVICE/App/usbd_desc.o
                0x00000000080016b8                USBD_FS_LangIDStrDescriptor
 .text.USBD_FS_ProductStrDescriptor
                0x00000000080016dc       0x3c ./Application/User/USB_DEVICE/App/usbd_desc.o
                0x00000000080016dc                USBD_FS_ProductStrDescriptor
 .text.USBD_FS_ManufacturerStrDescriptor
                0x0000000008001718       0x28 ./Application/User/USB_DEVICE/App/usbd_desc.o
                0x0000000008001718                USBD_FS_ManufacturerStrDescriptor
 .text.USBD_FS_SerialStrDescriptor
                0x0000000008001740       0x24 ./Application/User/USB_DEVICE/App/usbd_desc.o
                0x0000000008001740                USBD_FS_SerialStrDescriptor
 .text.USBD_FS_ConfigStrDescriptor
                0x0000000008001764       0x3c ./Application/User/USB_DEVICE/App/usbd_desc.o
                0x0000000008001764                USBD_FS_ConfigStrDescriptor
 .text.USBD_FS_InterfaceStrDescriptor
                0x00000000080017a0       0x3c ./Application/User/USB_DEVICE/App/usbd_desc.o
                0x00000000080017a0                USBD_FS_InterfaceStrDescriptor
 .text.Get_SerialNum
                0x00000000080017dc       0x58 ./Application/User/USB_DEVICE/App/usbd_desc.o
 .text.IntToUnicode
                0x0000000008001834       0x7c ./Application/User/USB_DEVICE/App/usbd_desc.o
 .text.HAL_PCD_MspInit
                0x00000000080018b0       0x5c ./Application/User/USB_DEVICE/Target/usbd_conf.o
                0x00000000080018b0                HAL_PCD_MspInit
 .text.HAL_PCD_SetupStageCallback
                0x000000000800190c       0x24 ./Application/User/USB_DEVICE/Target/usbd_conf.o
                0x000000000800190c                HAL_PCD_SetupStageCallback
 .text.HAL_PCD_DataOutStageCallback
                0x0000000008001930       0x36 ./Application/User/USB_DEVICE/Target/usbd_conf.o
                0x0000000008001930                HAL_PCD_DataOutStageCallback
 .text.HAL_PCD_DataInStageCallback
                0x0000000008001966       0x34 ./Application/User/USB_DEVICE/Target/usbd_conf.o
                0x0000000008001966                HAL_PCD_DataInStageCallback
 .text.HAL_PCD_SOFCallback
                0x000000000800199a       0x1c ./Application/User/USB_DEVICE/Target/usbd_conf.o
                0x000000000800199a                HAL_PCD_SOFCallback
 .text.HAL_PCD_ResetCallback
                0x00000000080019b6       0x3c ./Application/User/USB_DEVICE/Target/usbd_conf.o
                0x00000000080019b6                HAL_PCD_ResetCallback
 *fill*         0x00000000080019f2        0x2 
 .text.HAL_PCD_SuspendCallback
                0x00000000080019f4       0x34 ./Application/User/USB_DEVICE/Target/usbd_conf.o
                0x00000000080019f4                HAL_PCD_SuspendCallback
 .text.HAL_PCD_ResumeCallback
                0x0000000008001a28       0x1c ./Application/User/USB_DEVICE/Target/usbd_conf.o
                0x0000000008001a28                HAL_PCD_ResumeCallback
 .text.USBD_LL_Init
                0x0000000008001a44       0xb4 ./Application/User/USB_DEVICE/Target/usbd_conf.o
                0x0000000008001a44                USBD_LL_Init
 .text.USBD_LL_Start
                0x0000000008001af8       0x36 ./Application/User/USB_DEVICE/Target/usbd_conf.o
                0x0000000008001af8                USBD_LL_Start
 .text.USBD_LL_OpenEP
                0x0000000008001b2e       0x4c ./Application/User/USB_DEVICE/Target/usbd_conf.o
                0x0000000008001b2e                USBD_LL_OpenEP
 .text.USBD_LL_CloseEP
                0x0000000008001b7a       0x3e ./Application/User/USB_DEVICE/Target/usbd_conf.o
                0x0000000008001b7a                USBD_LL_CloseEP
 .text.USBD_LL_StallEP
                0x0000000008001bb8       0x3e ./Application/User/USB_DEVICE/Target/usbd_conf.o
                0x0000000008001bb8                USBD_LL_StallEP
 .text.USBD_LL_ClearStallEP
                0x0000000008001bf6       0x3e ./Application/User/USB_DEVICE/Target/usbd_conf.o
                0x0000000008001bf6                USBD_LL_ClearStallEP
 .text.USBD_LL_IsStallEP
                0x0000000008001c34       0x58 ./Application/User/USB_DEVICE/Target/usbd_conf.o
                0x0000000008001c34                USBD_LL_IsStallEP
 .text.USBD_LL_SetUSBAddress
                0x0000000008001c8c       0x3e ./Application/User/USB_DEVICE/Target/usbd_conf.o
                0x0000000008001c8c                USBD_LL_SetUSBAddress
 .text.USBD_LL_Transmit
                0x0000000008001cca       0x46 ./Application/User/USB_DEVICE/Target/usbd_conf.o
                0x0000000008001cca                USBD_LL_Transmit
 .text.USBD_LL_PrepareReceive
                0x0000000008001d10       0x46 ./Application/User/USB_DEVICE/Target/usbd_conf.o
                0x0000000008001d10                USBD_LL_PrepareReceive
 .text.USBD_LL_GetRxDataSize
                0x0000000008001d56       0x26 ./Application/User/USB_DEVICE/Target/usbd_conf.o
                0x0000000008001d56                USBD_LL_GetRxDataSize
 .text.USBD_static_malloc
                0x0000000008001d7c       0x18 ./Application/User/USB_DEVICE/Target/usbd_conf.o
                0x0000000008001d7c                USBD_static_malloc
 .text.USBD_static_free
                0x0000000008001d94       0x12 ./Application/User/USB_DEVICE/Target/usbd_conf.o
                0x0000000008001d94                USBD_static_free
 .text.HAL_PCDEx_SetConnectionState
                0x0000000008001da6       0x16 ./Application/User/USB_DEVICE/Target/usbd_conf.o
                0x0000000008001da6                HAL_PCDEx_SetConnectionState
 .text.USBD_Get_USB_Status
                0x0000000008001dbc       0x58 ./Application/User/USB_DEVICE/Target/usbd_conf.o
 .text.SystemInit
                0x0000000008001e14        0xc ./Drivers/CMSIS/system_stm32f1xx.o
                0x0000000008001e14                SystemInit
 .text.HAL_Init
                0x0000000008001e20       0x2c ./Drivers/STM32F1xx_HAL_Driver/stm32f1xx_hal.o
                0x0000000008001e20                HAL_Init
 .text.HAL_InitTick
                0x0000000008001e4c       0x60 ./Drivers/STM32F1xx_HAL_Driver/stm32f1xx_hal.o
                0x0000000008001e4c                HAL_InitTick
 .text.HAL_IncTick
                0x0000000008001eac       0x24 ./Drivers/STM32F1xx_HAL_Driver/stm32f1xx_hal.o
                0x0000000008001eac                HAL_IncTick
 .text.HAL_GetTick
                0x0000000008001ed0       0x14 ./Drivers/STM32F1xx_HAL_Driver/stm32f1xx_hal.o
                0x0000000008001ed0                HAL_GetTick
 .text.HAL_Delay
                0x0000000008001ee4       0x48 ./Drivers/STM32F1xx_HAL_Driver/stm32f1xx_hal.o
                0x0000000008001ee4                HAL_Delay
 .text.__NVIC_SetPriorityGrouping
                0x0000000008001f2c       0x48 ./Drivers/STM32F1xx_HAL_Driver/stm32f1xx_hal_cortex.o
 .text.__NVIC_GetPriorityGrouping
                0x0000000008001f74       0x1c ./Drivers/STM32F1xx_HAL_Driver/stm32f1xx_hal_cortex.o
 .text.__NVIC_EnableIRQ
                0x0000000008001f90       0x38 ./Drivers/STM32F1xx_HAL_Driver/stm32f1xx_hal_cortex.o
 .text.__NVIC_SetPriority
                0x0000000008001fc8       0x54 ./Drivers/STM32F1xx_HAL_Driver/stm32f1xx_hal_cortex.o
 .text.NVIC_EncodePriority
                0x000000000800201c       0x64 ./Drivers/STM32F1xx_HAL_Driver/stm32f1xx_hal_cortex.o
 .text.SysTick_Config
                0x0000000008002080       0x44 ./Drivers/STM32F1xx_HAL_Driver/stm32f1xx_hal_cortex.o
 .text.HAL_NVIC_SetPriorityGrouping
                0x00000000080020c4       0x16 ./Drivers/STM32F1xx_HAL_Driver/stm32f1xx_hal_cortex.o
                0x00000000080020c4                HAL_NVIC_SetPriorityGrouping
 .text.HAL_NVIC_SetPriority
                0x00000000080020da       0x38 ./Drivers/STM32F1xx_HAL_Driver/stm32f1xx_hal_cortex.o
                0x00000000080020da                HAL_NVIC_SetPriority
 .text.HAL_NVIC_EnableIRQ
                0x0000000008002112       0x1c ./Drivers/STM32F1xx_HAL_Driver/stm32f1xx_hal_cortex.o
                0x0000000008002112                HAL_NVIC_EnableIRQ
 .text.HAL_SYSTICK_Config
                0x000000000800212e       0x18 ./Drivers/STM32F1xx_HAL_Driver/stm32f1xx_hal_cortex.o
                0x000000000800212e                HAL_SYSTICK_Config
 *fill*         0x0000000008002146        0x2 
 .text.HAL_GPIO_Init
                0x0000000008002148      0x308 ./Drivers/STM32F1xx_HAL_Driver/stm32f1xx_hal_gpio.o
                0x0000000008002148                HAL_GPIO_Init
 .text.HAL_GPIO_ReadPin
                0x0000000008002450       0x2e ./Drivers/STM32F1xx_HAL_Driver/stm32f1xx_hal_gpio.o
                0x0000000008002450                HAL_GPIO_ReadPin
 .text.HAL_GPIO_WritePin
                0x000000000800247e       0x30 ./Drivers/STM32F1xx_HAL_Driver/stm32f1xx_hal_gpio.o
                0x000000000800247e                HAL_GPIO_WritePin
 .text.HAL_PCD_Init
                0x00000000080024ae      0x216 ./Drivers/STM32F1xx_HAL_Driver/stm32f1xx_hal_pcd.o
                0x00000000080024ae                HAL_PCD_Init
 .text.HAL_PCD_Start
                0x00000000080026c4       0x4c ./Drivers/STM32F1xx_HAL_Driver/stm32f1xx_hal_pcd.o
                0x00000000080026c4                HAL_PCD_Start
 .text.HAL_PCD_IRQHandler
                0x0000000008002710      0x2a6 ./Drivers/STM32F1xx_HAL_Driver/stm32f1xx_hal_pcd.o
                0x0000000008002710                HAL_PCD_IRQHandler
 .text.HAL_PCD_SetAddress
                0x00000000080029b6       0x4a ./Drivers/STM32F1xx_HAL_Driver/stm32f1xx_hal_pcd.o
                0x00000000080029b6                HAL_PCD_SetAddress
 .text.HAL_PCD_EP_Open
                0x0000000008002a00       0xcc ./Drivers/STM32F1xx_HAL_Driver/stm32f1xx_hal_pcd.o
                0x0000000008002a00                HAL_PCD_EP_Open
 .text.HAL_PCD_EP_Close
                0x0000000008002acc       0x90 ./Drivers/STM32F1xx_HAL_Driver/stm32f1xx_hal_pcd.o
                0x0000000008002acc                HAL_PCD_EP_Close
 .text.HAL_PCD_EP_Receive
                0x0000000008002b5c       0x7a ./Drivers/STM32F1xx_HAL_Driver/stm32f1xx_hal_pcd.o
                0x0000000008002b5c                HAL_PCD_EP_Receive
 .text.HAL_PCD_EP_GetRxCount
                0x0000000008002bd6       0x2e ./Drivers/STM32F1xx_HAL_Driver/stm32f1xx_hal_pcd.o
                0x0000000008002bd6                HAL_PCD_EP_GetRxCount
 .text.HAL_PCD_EP_Transmit
                0x0000000008002c04       0x86 ./Drivers/STM32F1xx_HAL_Driver/stm32f1xx_hal_pcd.o
                0x0000000008002c04                HAL_PCD_EP_Transmit
 .text.HAL_PCD_EP_SetStall
                0x0000000008002c8a       0xc0 ./Drivers/STM32F1xx_HAL_Driver/stm32f1xx_hal_pcd.o
                0x0000000008002c8a                HAL_PCD_EP_SetStall
 .text.HAL_PCD_EP_ClrStall
                0x0000000008002d4a       0xa8 ./Drivers/STM32F1xx_HAL_Driver/stm32f1xx_hal_pcd.o
                0x0000000008002d4a                HAL_PCD_EP_ClrStall
 .text.PCD_EP_ISR_Handler
                0x0000000008002df2      0x600 ./Drivers/STM32F1xx_HAL_Driver/stm32f1xx_hal_pcd.o
 .text.HAL_PCD_EP_DB_Receive
                0x00000000080033f2      0x21a ./Drivers/STM32F1xx_HAL_Driver/stm32f1xx_hal_pcd.o
 .text.HAL_PCD_EP_DB_Transmit
                0x000000000800360c      0x7a4 ./Drivers/STM32F1xx_HAL_Driver/stm32f1xx_hal_pcd.o
 .text.HAL_PCDEx_PMAConfig
                0x0000000008003db0       0x84 ./Drivers/STM32F1xx_HAL_Driver/stm32f1xx_hal_pcd_ex.o
                0x0000000008003db0                HAL_PCDEx_PMAConfig
 .text.HAL_RCC_OscConfig
                0x0000000008003e34      0x504 ./Drivers/STM32F1xx_HAL_Driver/stm32f1xx_hal_rcc.o
                0x0000000008003e34                HAL_RCC_OscConfig
 .text.HAL_RCC_ClockConfig
                0x0000000008004338      0x1d4 ./Drivers/STM32F1xx_HAL_Driver/stm32f1xx_hal_rcc.o
                0x0000000008004338                HAL_RCC_ClockConfig
 .text.HAL_RCC_GetSysClockFreq
                0x000000000800450c       0xbc ./Drivers/STM32F1xx_HAL_Driver/stm32f1xx_hal_rcc.o
                0x000000000800450c                HAL_RCC_GetSysClockFreq
 .text.RCC_Delay
                0x00000000080045c8       0x3c ./Drivers/STM32F1xx_HAL_Driver/stm32f1xx_hal_rcc.o
 .text.HAL_RCCEx_PeriphCLKConfig
                0x0000000008004604      0x16c ./Drivers/STM32F1xx_HAL_Driver/stm32f1xx_hal_rcc_ex.o
                0x0000000008004604                HAL_RCCEx_PeriphCLKConfig
 .text.HAL_TIM_Base_Init
                0x0000000008004770       0x9e ./Drivers/STM32F1xx_HAL_Driver/stm32f1xx_hal_tim.o
                0x0000000008004770                HAL_TIM_Base_Init
 .text.HAL_TIM_PWM_Init
                0x000000000800480e       0x9e ./Drivers/STM32F1xx_HAL_Driver/stm32f1xx_hal_tim.o
                0x000000000800480e                HAL_TIM_PWM_Init
 .text.HAL_TIM_PWM_MspInit
                0x00000000080048ac       0x12 ./Drivers/STM32F1xx_HAL_Driver/stm32f1xx_hal_tim.o
                0x00000000080048ac                HAL_TIM_PWM_MspInit
 *fill*         0x00000000080048be        0x2 
 .text.HAL_TIM_PWM_Start
                0x00000000080048c0      0x144 ./Drivers/STM32F1xx_HAL_Driver/stm32f1xx_hal_tim.o
                0x00000000080048c0                HAL_TIM_PWM_Start
 .text.HAL_TIM_IC_Init
                0x0000000008004a04       0x9e ./Drivers/STM32F1xx_HAL_Driver/stm32f1xx_hal_tim.o
                0x0000000008004a04                HAL_TIM_IC_Init
 .text.HAL_TIM_IC_MspInit
                0x0000000008004aa2       0x12 ./Drivers/STM32F1xx_HAL_Driver/stm32f1xx_hal_tim.o
                0x0000000008004aa2                HAL_TIM_IC_MspInit
 .text.HAL_TIM_IC_Start_IT
                0x0000000008004ab4      0x20c ./Drivers/STM32F1xx_HAL_Driver/stm32f1xx_hal_tim.o
                0x0000000008004ab4                HAL_TIM_IC_Start_IT
 .text.HAL_TIM_IRQHandler
                0x0000000008004cc0      0x210 ./Drivers/STM32F1xx_HAL_Driver/stm32f1xx_hal_tim.o
                0x0000000008004cc0                HAL_TIM_IRQHandler
 .text.HAL_TIM_IC_ConfigChannel
                0x0000000008004ed0      0x128 ./Drivers/STM32F1xx_HAL_Driver/stm32f1xx_hal_tim.o
                0x0000000008004ed0                HAL_TIM_IC_ConfigChannel
 .text.HAL_TIM_PWM_ConfigChannel
                0x0000000008004ff8      0x17c ./Drivers/STM32F1xx_HAL_Driver/stm32f1xx_hal_tim.o
                0x0000000008004ff8                HAL_TIM_PWM_ConfigChannel
 .text.HAL_TIM_ConfigClockSource
                0x0000000008005174      0x188 ./Drivers/STM32F1xx_HAL_Driver/stm32f1xx_hal_tim.o
                0x0000000008005174                HAL_TIM_ConfigClockSource
 .text.HAL_TIM_ReadCapturedValue
                0x00000000080052fc       0x88 ./Drivers/STM32F1xx_HAL_Driver/stm32f1xx_hal_tim.o
                0x00000000080052fc                HAL_TIM_ReadCapturedValue
 .text.HAL_TIM_PeriodElapsedCallback
                0x0000000008005384       0x12 ./Drivers/STM32F1xx_HAL_Driver/stm32f1xx_hal_tim.o
                0x0000000008005384                HAL_TIM_PeriodElapsedCallback
 .text.HAL_TIM_OC_DelayElapsedCallback
                0x0000000008005396       0x12 ./Drivers/STM32F1xx_HAL_Driver/stm32f1xx_hal_tim.o
                0x0000000008005396                HAL_TIM_OC_DelayElapsedCallback
 .text.HAL_TIM_PWM_PulseFinishedCallback
                0x00000000080053a8       0x12 ./Drivers/STM32F1xx_HAL_Driver/stm32f1xx_hal_tim.o
                0x00000000080053a8                HAL_TIM_PWM_PulseFinishedCallback
 .text.HAL_TIM_TriggerCallback
                0x00000000080053ba       0x12 ./Drivers/STM32F1xx_HAL_Driver/stm32f1xx_hal_tim.o
                0x00000000080053ba                HAL_TIM_TriggerCallback
 .text.TIM_Base_SetConfig
                0x00000000080053cc       0xc4 ./Drivers/STM32F1xx_HAL_Driver/stm32f1xx_hal_tim.o
                0x00000000080053cc                TIM_Base_SetConfig
 .text.TIM_OC1_SetConfig
                0x0000000008005490       0xcc ./Drivers/STM32F1xx_HAL_Driver/stm32f1xx_hal_tim.o
 .text.TIM_OC2_SetConfig
                0x000000000800555c       0xd4 ./Drivers/STM32F1xx_HAL_Driver/stm32f1xx_hal_tim.o
                0x000000000800555c                TIM_OC2_SetConfig
 .text.TIM_OC3_SetConfig
                0x0000000008005630       0xd4 ./Drivers/STM32F1xx_HAL_Driver/stm32f1xx_hal_tim.o
 .text.TIM_OC4_SetConfig
                0x0000000008005704       0x9c ./Drivers/STM32F1xx_HAL_Driver/stm32f1xx_hal_tim.o
 .text.TIM_TI1_SetConfig
                0x00000000080057a0       0xb4 ./Drivers/STM32F1xx_HAL_Driver/stm32f1xx_hal_tim.o
                0x00000000080057a0                TIM_TI1_SetConfig
 .text.TIM_TI1_ConfigInputStage
                0x0000000008005854       0x5c ./Drivers/STM32F1xx_HAL_Driver/stm32f1xx_hal_tim.o
 .text.TIM_TI2_SetConfig
                0x00000000080058b0       0x78 ./Drivers/STM32F1xx_HAL_Driver/stm32f1xx_hal_tim.o
 .text.TIM_TI2_ConfigInputStage
                0x0000000008005928       0x5e ./Drivers/STM32F1xx_HAL_Driver/stm32f1xx_hal_tim.o
 .text.TIM_TI3_SetConfig
                0x0000000008005986       0x76 ./Drivers/STM32F1xx_HAL_Driver/stm32f1xx_hal_tim.o
 .text.TIM_TI4_SetConfig
                0x00000000080059fc       0x78 ./Drivers/STM32F1xx_HAL_Driver/stm32f1xx_hal_tim.o
 .text.TIM_ITRx_SetConfig
                0x0000000008005a74       0x34 ./Drivers/STM32F1xx_HAL_Driver/stm32f1xx_hal_tim.o
 .text.TIM_ETR_SetConfig
                0x0000000008005aa8       0x3e ./Drivers/STM32F1xx_HAL_Driver/stm32f1xx_hal_tim.o
                0x0000000008005aa8                TIM_ETR_SetConfig
 .text.TIM_CCxChannelCmd
                0x0000000008005ae6       0x48 ./Drivers/STM32F1xx_HAL_Driver/stm32f1xx_hal_tim.o
                0x0000000008005ae6                TIM_CCxChannelCmd
 *fill*         0x0000000008005b2e        0x2 
 .text.HAL_TIMEx_MasterConfigSynchronization
                0x0000000008005b30       0xbc ./Drivers/STM32F1xx_HAL_Driver/stm32f1xx_hal_tim_ex.o
                0x0000000008005b30                HAL_TIMEx_MasterConfigSynchronization
 .text.HAL_TIMEx_CommutCallback
                0x0000000008005bec       0x12 ./Drivers/STM32F1xx_HAL_Driver/stm32f1xx_hal_tim_ex.o
                0x0000000008005bec                HAL_TIMEx_CommutCallback
 .text.HAL_TIMEx_BreakCallback
                0x0000000008005bfe       0x12 ./Drivers/STM32F1xx_HAL_Driver/stm32f1xx_hal_tim_ex.o
                0x0000000008005bfe                HAL_TIMEx_BreakCallback
 .text.USB_CoreInit
                0x0000000008005c10       0x20 ./Drivers/STM32F1xx_HAL_Driver/stm32f1xx_ll_usb.o
                0x0000000008005c10                USB_CoreInit
 .text.USB_EnableGlobalInt
                0x0000000008005c30       0x2c ./Drivers/STM32F1xx_HAL_Driver/stm32f1xx_ll_usb.o
                0x0000000008005c30                USB_EnableGlobalInt
 .text.USB_DisableGlobalInt
                0x0000000008005c5c       0x34 ./Drivers/STM32F1xx_HAL_Driver/stm32f1xx_ll_usb.o
                0x0000000008005c5c                USB_DisableGlobalInt
 .text.USB_SetCurrentMode
                0x0000000008005c90       0x18 ./Drivers/STM32F1xx_HAL_Driver/stm32f1xx_ll_usb.o
                0x0000000008005c90                USB_SetCurrentMode
 .text.USB_DevInit
                0x0000000008005ca8       0x40 ./Drivers/STM32F1xx_HAL_Driver/stm32f1xx_ll_usb.o
                0x0000000008005ca8                USB_DevInit
 .text.USB_ActivateEndpoint
                0x0000000008005ce8      0x6d4 ./Drivers/STM32F1xx_HAL_Driver/stm32f1xx_ll_usb.o
                0x0000000008005ce8                USB_ActivateEndpoint
 .text.USB_DeactivateEndpoint
                0x00000000080063bc      0x3d8 ./Drivers/STM32F1xx_HAL_Driver/stm32f1xx_ll_usb.o
                0x00000000080063bc                USB_DeactivateEndpoint
 .text.USB_EPStartXfer
                0x0000000008006794     0x1c70 ./Drivers/STM32F1xx_HAL_Driver/stm32f1xx_ll_usb.o
                0x0000000008006794                USB_EPStartXfer
 .text.USB_EPSetStall
                0x0000000008008404       0xa0 ./Drivers/STM32F1xx_HAL_Driver/stm32f1xx_ll_usb.o
                0x0000000008008404                USB_EPSetStall
 .text.USB_EPClearStall
                0x00000000080084a4      0x15a ./Drivers/STM32F1xx_HAL_Driver/stm32f1xx_ll_usb.o
                0x00000000080084a4                USB_EPClearStall
 .text.USB_SetDevAddress
                0x00000000080085fe       0x26 ./Drivers/STM32F1xx_HAL_Driver/stm32f1xx_ll_usb.o
                0x00000000080085fe                USB_SetDevAddress
 .text.USB_DevConnect
                0x0000000008008624       0x14 ./Drivers/STM32F1xx_HAL_Driver/stm32f1xx_ll_usb.o
                0x0000000008008624                USB_DevConnect
 .text.USB_DevDisconnect
                0x0000000008008638       0x14 ./Drivers/STM32F1xx_HAL_Driver/stm32f1xx_ll_usb.o
                0x0000000008008638                USB_DevDisconnect
 .text.USB_ReadInterrupts
                0x000000000800864c       0x1e ./Drivers/STM32F1xx_HAL_Driver/stm32f1xx_ll_usb.o
                0x000000000800864c                USB_ReadInterrupts
 .text.USB_EP0_OutStart
                0x000000000800866a       0x16 ./Drivers/STM32F1xx_HAL_Driver/stm32f1xx_ll_usb.o
                0x000000000800866a                USB_EP0_OutStart
 .text.USB_WritePMA
                0x0000000008008680       0x8a ./Drivers/STM32F1xx_HAL_Driver/stm32f1xx_ll_usb.o
                0x0000000008008680                USB_WritePMA
 .text.USB_ReadPMA
                0x000000000800870a       0x9e ./Drivers/STM32F1xx_HAL_Driver/stm32f1xx_ll_usb.o
                0x000000000800870a                USB_ReadPMA
 .text.USBD_CDC_Init
                0x00000000080087a8       0xf4 ./Middlewares/USB_Device_Library/usbd_cdc.o
 .text.USBD_CDC_DeInit
                0x000000000800889c       0x6e ./Middlewares/USB_Device_Library/usbd_cdc.o
 .text.USBD_CDC_Setup
                0x000000000800890a      0x146 ./Middlewares/USB_Device_Library/usbd_cdc.o
 .text.USBD_CDC_DataIn
                0x0000000008008a50       0xa6 ./Middlewares/USB_Device_Library/usbd_cdc.o
 .text.USBD_CDC_DataOut
                0x0000000008008af6       0x56 ./Middlewares/USB_Device_Library/usbd_cdc.o
 .text.USBD_CDC_EP0_RxReady
                0x0000000008008b4c       0x50 ./Middlewares/USB_Device_Library/usbd_cdc.o
 .text.USBD_CDC_GetFSCfgDesc
                0x0000000008008b9c       0x20 ./Middlewares/USB_Device_Library/usbd_cdc.o
 .text.USBD_CDC_GetHSCfgDesc
                0x0000000008008bbc       0x20 ./Middlewares/USB_Device_Library/usbd_cdc.o
 .text.USBD_CDC_GetOtherSpeedCfgDesc
                0x0000000008008bdc       0x20 ./Middlewares/USB_Device_Library/usbd_cdc.o
 .text.USBD_CDC_GetDeviceQualifierDescriptor
                0x0000000008008bfc       0x20 ./Middlewares/USB_Device_Library/usbd_cdc.o
                0x0000000008008bfc                USBD_CDC_GetDeviceQualifierDescriptor
 .text.USBD_CDC_RegisterInterface
                0x0000000008008c1c       0x2c ./Middlewares/USB_Device_Library/usbd_cdc.o
                0x0000000008008c1c                USBD_CDC_RegisterInterface
 .text.USBD_CDC_SetTxBuffer
                0x0000000008008c48       0x32 ./Middlewares/USB_Device_Library/usbd_cdc.o
                0x0000000008008c48                USBD_CDC_SetTxBuffer
 .text.USBD_CDC_SetRxBuffer
                0x0000000008008c7a       0x26 ./Middlewares/USB_Device_Library/usbd_cdc.o
                0x0000000008008c7a                USBD_CDC_SetRxBuffer
 .text.USBD_CDC_ReceivePacket
                0x0000000008008ca0       0x54 ./Middlewares/USB_Device_Library/usbd_cdc.o
                0x0000000008008ca0                USBD_CDC_ReceivePacket
 .text.USBD_Init
                0x0000000008008cf4       0x70 ./Middlewares/USB_Device_Library/usbd_core.o
                0x0000000008008cf4                USBD_Init
 .text.USBD_RegisterClass
                0x0000000008008d64       0x4c ./Middlewares/USB_Device_Library/usbd_core.o
                0x0000000008008d64                USBD_RegisterClass
 .text.USBD_Start
                0x0000000008008db0       0x18 ./Middlewares/USB_Device_Library/usbd_core.o
                0x0000000008008db0                USBD_Start
 .text.USBD_RunTestMode
                0x0000000008008dc8       0x14 ./Middlewares/USB_Device_Library/usbd_core.o
                0x0000000008008dc8                USBD_RunTestMode
 .text.USBD_SetClassConfig
                0x0000000008008ddc       0x3e ./Middlewares/USB_Device_Library/usbd_core.o
                0x0000000008008ddc                USBD_SetClassConfig
 .text.USBD_ClrClassConfig
                0x0000000008008e1a       0x26 ./Middlewares/USB_Device_Library/usbd_core.o
                0x0000000008008e1a                USBD_ClrClassConfig
 .text.USBD_LL_SetupStage
                0x0000000008008e40       0x9a ./Middlewares/USB_Device_Library/usbd_core.o
                0x0000000008008e40                USBD_LL_SetupStage
 .text.USBD_LL_DataOutStage
                0x0000000008008eda       0xe2 ./Middlewares/USB_Device_Library/usbd_core.o
                0x0000000008008eda                USBD_LL_DataOutStage
 .text.USBD_LL_DataInStage
                0x0000000008008fbc      0x14a ./Middlewares/USB_Device_Library/usbd_core.o
                0x0000000008008fbc                USBD_LL_DataInStage
 .text.USBD_LL_Reset
                0x0000000008009106       0x82 ./Middlewares/USB_Device_Library/usbd_core.o
                0x0000000008009106                USBD_LL_Reset
 .text.USBD_LL_SetSpeed
                0x0000000008009188       0x1e ./Middlewares/USB_Device_Library/usbd_core.o
                0x0000000008009188                USBD_LL_SetSpeed
 .text.USBD_LL_Suspend
                0x00000000080091a6       0x28 ./Middlewares/USB_Device_Library/usbd_core.o
                0x00000000080091a6                USBD_LL_Suspend
 .text.USBD_LL_Resume
                0x00000000080091ce       0x2a ./Middlewares/USB_Device_Library/usbd_core.o
                0x00000000080091ce                USBD_LL_Resume
 .text.USBD_LL_SOF
                0x00000000080091f8       0x34 ./Middlewares/USB_Device_Library/usbd_core.o
                0x00000000080091f8                USBD_LL_SOF
 .text.USBD_StdDevReq
                0x000000000800922c       0xd4 ./Middlewares/USB_Device_Library/usbd_ctlreq.o
                0x000000000800922c                USBD_StdDevReq
 .text.USBD_StdItfReq
                0x0000000008009300       0x90 ./Middlewares/USB_Device_Library/usbd_ctlreq.o
                0x0000000008009300                USBD_StdItfReq
 .text.USBD_StdEPReq
                0x0000000008009390      0x2c6 ./Middlewares/USB_Device_Library/usbd_ctlreq.o
                0x0000000008009390                USBD_StdEPReq
 *fill*         0x0000000008009656        0x2 
 .text.USBD_GetDescriptor
                0x0000000008009658      0x2d0 ./Middlewares/USB_Device_Library/usbd_ctlreq.o
 .text.USBD_SetAddress
                0x0000000008009928       0x86 ./Middlewares/USB_Device_Library/usbd_ctlreq.o
 *fill*         0x00000000080099ae        0x2 
 .text.USBD_SetConfig
                0x00000000080099b0      0x11c ./Middlewares/USB_Device_Library/usbd_ctlreq.o
 .text.USBD_GetConfig
                0x0000000008009acc       0x6a ./Middlewares/USB_Device_Library/usbd_ctlreq.o
 .text.USBD_GetStatus
                0x0000000008009b36       0x66 ./Middlewares/USB_Device_Library/usbd_ctlreq.o
 .text.USBD_SetFeature
                0x0000000008009b9c       0x28 ./Middlewares/USB_Device_Library/usbd_ctlreq.o
 .text.USBD_ClrFeature
                0x0000000008009bc4       0x42 ./Middlewares/USB_Device_Library/usbd_ctlreq.o
 .text.USBD_ParseSetupRequest
                0x0000000008009c06       0x78 ./Middlewares/USB_Device_Library/usbd_ctlreq.o
                0x0000000008009c06                USBD_ParseSetupRequest
 .text.USBD_CtlError
                0x0000000008009c7e       0x22 ./Middlewares/USB_Device_Library/usbd_ctlreq.o
                0x0000000008009c7e                USBD_CtlError
 .text.USBD_GetString
                0x0000000008009ca0       0x84 ./Middlewares/USB_Device_Library/usbd_ctlreq.o
                0x0000000008009ca0                USBD_GetString
 .text.USBD_GetLen
                0x0000000008009d24       0x2e ./Middlewares/USB_Device_Library/usbd_ctlreq.o
 .text.USBD_CtlSendData
                0x0000000008009d52       0x38 ./Middlewares/USB_Device_Library/usbd_ioreq.o
                0x0000000008009d52                USBD_CtlSendData
 .text.USBD_CtlContinueSendData
                0x0000000008009d8a       0x24 ./Middlewares/USB_Device_Library/usbd_ioreq.o
                0x0000000008009d8a                USBD_CtlContinueSendData
 .text.USBD_CtlPrepareRx
                0x0000000008009dae       0x3c ./Middlewares/USB_Device_Library/usbd_ioreq.o
                0x0000000008009dae                USBD_CtlPrepareRx
 .text.USBD_CtlContinueRx
                0x0000000008009dea       0x24 ./Middlewares/USB_Device_Library/usbd_ioreq.o
                0x0000000008009dea                USBD_CtlContinueRx
 .text.USBD_CtlSendStatus
                0x0000000008009e0e       0x26 ./Middlewares/USB_Device_Library/usbd_ioreq.o
                0x0000000008009e0e                USBD_CtlSendStatus
 .text.USBD_CtlReceiveStatus
                0x0000000008009e34       0x26 ./Middlewares/USB_Device_Library/usbd_ioreq.o
                0x0000000008009e34                USBD_CtlReceiveStatus
 *fill*         0x0000000008009e5a        0x2 
 .text.__errno  0x0000000008009e5c        0xc c:/st/stm32cubeide_1.9.0/stm32cubeide/plugins/com.st.stm32cube.ide.mcu.externaltools.gnu-tools-for-stm32.10.3-2021.10.win32_1.0.0.202111181127/tools/bin/../lib/gcc/arm-none-eabi/10.3.1/../../../../arm-none-eabi/lib/thumb/v7-m/nofp\libc_nano.a(lib_a-errno.o)
                0x0000000008009e5c                __errno
 .text.__libc_init_array
                0x0000000008009e68       0x48 c:/st/stm32cubeide_1.9.0/stm32cubeide/plugins/com.st.stm32cube.ide.mcu.externaltools.gnu-tools-for-stm32.10.3-2021.10.win32_1.0.0.202111181127/tools/bin/../lib/gcc/arm-none-eabi/10.3.1/../../../../arm-none-eabi/lib/thumb/v7-m/nofp\libc_nano.a(lib_a-init.o)
                0x0000000008009e68                __libc_init_array
 .text.memset   0x0000000008009eb0       0x10 c:/st/stm32cubeide_1.9.0/stm32cubeide/plugins/com.st.stm32cube.ide.mcu.externaltools.gnu-tools-for-stm32.10.3-2021.10.win32_1.0.0.202111181127/tools/bin/../lib/gcc/arm-none-eabi/10.3.1/../../../../arm-none-eabi/lib/thumb/v7-m/nofp\libc_nano.a(lib_a-memset.o)
                0x0000000008009eb0                memset
 .text.printf   0x0000000008009ec0       0x30 c:/st/stm32cubeide_1.9.0/stm32cubeide/plugins/com.st.stm32cube.ide.mcu.externaltools.gnu-tools-for-stm32.10.3-2021.10.win32_1.0.0.202111181127/tools/bin/../lib/gcc/arm-none-eabi/10.3.1/../../../../arm-none-eabi/lib/thumb/v7-m/nofp\libc_nano.a(lib_a-printf.o)
                0x0000000008009ec0                iprintf
                0x0000000008009ec0                printf
 .text.putchar  0x0000000008009ef0       0x28 c:/st/stm32cubeide_1.9.0/stm32cubeide/plugins/com.st.stm32cube.ide.mcu.externaltools.gnu-tools-for-stm32.10.3-2021.10.win32_1.0.0.202111181127/tools/bin/../lib/gcc/arm-none-eabi/10.3.1/../../../../arm-none-eabi/lib/thumb/v7-m/nofp\libc_nano.a(lib_a-putchar.o)
                0x0000000008009ef0                putchar
 .text.std      0x0000000008009f18       0x48 c:/st/stm32cubeide_1.9.0/stm32cubeide/plugins/com.st.stm32cube.ide.mcu.externaltools.gnu-tools-for-stm32.10.3-2021.10.win32_1.0.0.202111181127/tools/bin/../lib/gcc/arm-none-eabi/10.3.1/../../../../arm-none-eabi/lib/thumb/v7-m/nofp\libc_nano.a(lib_a-findfp.o)
 .text._cleanup_r
                0x0000000008009f60        0xc c:/st/stm32cubeide_1.9.0/stm32cubeide/plugins/com.st.stm32cube.ide.mcu.externaltools.gnu-tools-for-stm32.10.3-2021.10.win32_1.0.0.202111181127/tools/bin/../lib/gcc/arm-none-eabi/10.3.1/../../../../arm-none-eabi/lib/thumb/v7-m/nofp\libc_nano.a(lib_a-findfp.o)
                0x0000000008009f60                _cleanup_r
 .text.__sfmoreglue
                0x0000000008009f6c       0x2c c:/st/stm32cubeide_1.9.0/stm32cubeide/plugins/com.st.stm32cube.ide.mcu.externaltools.gnu-tools-for-stm32.10.3-2021.10.win32_1.0.0.202111181127/tools/bin/../lib/gcc/arm-none-eabi/10.3.1/../../../../arm-none-eabi/lib/thumb/v7-m/nofp\libc_nano.a(lib_a-findfp.o)
                0x0000000008009f6c                __sfmoreglue
 .text.__sfp_lock_acquire
                0x0000000008009f98        0xc c:/st/stm32cubeide_1.9.0/stm32cubeide/plugins/com.st.stm32cube.ide.mcu.externaltools.gnu-tools-for-stm32.10.3-2021.10.win32_1.0.0.202111181127/tools/bin/../lib/gcc/arm-none-eabi/10.3.1/../../../../arm-none-eabi/lib/thumb/v7-m/nofp\libc_nano.a(lib_a-findfp.o)
                0x0000000008009f98                __sfp_lock_acquire
 .text.__sfp_lock_release
                0x0000000008009fa4        0xc c:/st/stm32cubeide_1.9.0/stm32cubeide/plugins/com.st.stm32cube.ide.mcu.externaltools.gnu-tools-for-stm32.10.3-2021.10.win32_1.0.0.202111181127/tools/bin/../lib/gcc/arm-none-eabi/10.3.1/../../../../arm-none-eabi/lib/thumb/v7-m/nofp\libc_nano.a(lib_a-findfp.o)
                0x0000000008009fa4                __sfp_lock_release
 .text.__sinit_lock_acquire
                0x0000000008009fb0        0xc c:/st/stm32cubeide_1.9.0/stm32cubeide/plugins/com.st.stm32cube.ide.mcu.externaltools.gnu-tools-for-stm32.10.3-2021.10.win32_1.0.0.202111181127/tools/bin/../lib/gcc/arm-none-eabi/10.3.1/../../../../arm-none-eabi/lib/thumb/v7-m/nofp\libc_nano.a(lib_a-findfp.o)
                0x0000000008009fb0                __sinit_lock_acquire
 .text.__sinit_lock_release
                0x0000000008009fbc        0xc c:/st/stm32cubeide_1.9.0/stm32cubeide/plugins/com.st.stm32cube.ide.mcu.externaltools.gnu-tools-for-stm32.10.3-2021.10.win32_1.0.0.202111181127/tools/bin/../lib/gcc/arm-none-eabi/10.3.1/../../../../arm-none-eabi/lib/thumb/v7-m/nofp\libc_nano.a(lib_a-findfp.o)
                0x0000000008009fbc                __sinit_lock_release
 .text.__sinit  0x0000000008009fc8       0x70 c:/st/stm32cubeide_1.9.0/stm32cubeide/plugins/com.st.stm32cube.ide.mcu.externaltools.gnu-tools-for-stm32.10.3-2021.10.win32_1.0.0.202111181127/tools/bin/../lib/gcc/arm-none-eabi/10.3.1/../../../../arm-none-eabi/lib/thumb/v7-m/nofp\libc_nano.a(lib_a-findfp.o)
                0x0000000008009fc8                __sinit
 .text.__sfp    0x000000000800a038       0x8c c:/st/stm32cubeide_1.9.0/stm32cubeide/plugins/com.st.stm32cube.ide.mcu.externaltools.gnu-tools-for-stm32.10.3-2021.10.win32_1.0.0.202111181127/tools/bin/../lib/gcc/arm-none-eabi/10.3.1/../../../../arm-none-eabi/lib/thumb/v7-m/nofp\libc_nano.a(lib_a-findfp.o)
                0x000000000800a038                __sfp
 .text._fwalk_reent
                0x000000000800a0c4       0x3e c:/st/stm32cubeide_1.9.0/stm32cubeide/plugins/com.st.stm32cube.ide.mcu.externaltools.gnu-tools-for-stm32.10.3-2021.10.win32_1.0.0.202111181127/tools/bin/../lib/gcc/arm-none-eabi/10.3.1/../../../../arm-none-eabi/lib/thumb/v7-m/nofp\libc_nano.a(lib_a-fwalk.o)
                0x000000000800a0c4                _fwalk_reent
 .text.__retarget_lock_init_recursive
                0x000000000800a102        0x2 c:/st/stm32cubeide_1.9.0/stm32cubeide/plugins/com.st.stm32cube.ide.mcu.externaltools.gnu-tools-for-stm32.10.3-2021.10.win32_1.0.0.202111181127/tools/bin/../lib/gcc/arm-none-eabi/10.3.1/../../../../arm-none-eabi/lib/thumb/v7-m/nofp\libc_nano.a(lib_a-lock.o)
                0x000000000800a102                __retarget_lock_init_recursive
 .text.__retarget_lock_acquire_recursive
                0x000000000800a104        0x2 c:/st/stm32cubeide_1.9.0/stm32cubeide/plugins/com.st.stm32cube.ide.mcu.externaltools.gnu-tools-for-stm32.10.3-2021.10.win32_1.0.0.202111181127/tools/bin/../lib/gcc/arm-none-eabi/10.3.1/../../../../arm-none-eabi/lib/thumb/v7-m/nofp\libc_nano.a(lib_a-lock.o)
                0x000000000800a104                __retarget_lock_acquire_recursive
 .text.__retarget_lock_release_recursive
                0x000000000800a106        0x2 c:/st/stm32cubeide_1.9.0/stm32cubeide/plugins/com.st.stm32cube.ide.mcu.externaltools.gnu-tools-for-stm32.10.3-2021.10.win32_1.0.0.202111181127/tools/bin/../lib/gcc/arm-none-eabi/10.3.1/../../../../arm-none-eabi/lib/thumb/v7-m/nofp\libc_nano.a(lib_a-lock.o)
                0x000000000800a106                __retarget_lock_release_recursive
 .text.sbrk_aligned
                0x000000000800a108       0x40 c:/st/stm32cubeide_1.9.0/stm32cubeide/plugins/com.st.stm32cube.ide.mcu.externaltools.gnu-tools-for-stm32.10.3-2021.10.win32_1.0.0.202111181127/tools/bin/../lib/gcc/arm-none-eabi/10.3.1/../../../../arm-none-eabi/lib/thumb/v7-m/nofp\libc_nano.a(lib_a-nano-mallocr.o)
 .text._malloc_r
                0x000000000800a148       0xe8 c:/st/stm32cubeide_1.9.0/stm32cubeide/plugins/com.st.stm32cube.ide.mcu.externaltools.gnu-tools-for-stm32.10.3-2021.10.win32_1.0.0.202111181127/tools/bin/../lib/gcc/arm-none-eabi/10.3.1/../../../../arm-none-eabi/lib/thumb/v7-m/nofp\libc_nano.a(lib_a-nano-mallocr.o)
                0x000000000800a148                _malloc_r
 .text.__sfputc_r
                0x000000000800a230       0x2a c:/st/stm32cubeide_1.9.0/stm32cubeide/plugins/com.st.stm32cube.ide.mcu.externaltools.gnu-tools-for-stm32.10.3-2021.10.win32_1.0.0.202111181127/tools/bin/../lib/gcc/arm-none-eabi/10.3.1/../../../../arm-none-eabi/lib/thumb/v7-m/nofp\libc_nano.a(lib_a-nano-vfprintf.o)
 .text.__sfputs_r
                0x000000000800a25a       0x24 c:/st/stm32cubeide_1.9.0/stm32cubeide/plugins/com.st.stm32cube.ide.mcu.externaltools.gnu-tools-for-stm32.10.3-2021.10.win32_1.0.0.202111181127/tools/bin/../lib/gcc/arm-none-eabi/10.3.1/../../../../arm-none-eabi/lib/thumb/v7-m/nofp\libc_nano.a(lib_a-nano-vfprintf.o)
                0x000000000800a25a                __sfputs_r
 *fill*         0x000000000800a27e        0x2 
 .text._vfprintf_r
                0x000000000800a280      0x260 c:/st/stm32cubeide_1.9.0/stm32cubeide/plugins/com.st.stm32cube.ide.mcu.externaltools.gnu-tools-for-stm32.10.3-2021.10.win32_1.0.0.202111181127/tools/bin/../lib/gcc/arm-none-eabi/10.3.1/../../../../arm-none-eabi/lib/thumb/v7-m/nofp\libc_nano.a(lib_a-nano-vfprintf.o)
                0x000000000800a280                _vfprintf_r
                0x000000000800a280                _vfiprintf_r
 .text._printf_common
                0x000000000800a4e0       0xde c:/st/stm32cubeide_1.9.0/stm32cubeide/plugins/com.st.stm32cube.ide.mcu.externaltools.gnu-tools-for-stm32.10.3-2021.10.win32_1.0.0.202111181127/tools/bin/../lib/gcc/arm-none-eabi/10.3.1/../../../../arm-none-eabi/lib/thumb/v7-m/nofp\libc_nano.a(lib_a-nano-vfprintf_i.o)
                0x000000000800a4e0                _printf_common
 *fill*         0x000000000800a5be        0x2 
 .text._printf_i
                0x000000000800a5c0      0x24c c:/st/stm32cubeide_1.9.0/stm32cubeide/plugins/com.st.stm32cube.ide.mcu.externaltools.gnu-tools-for-stm32.10.3-2021.10.win32_1.0.0.202111181127/tools/bin/../lib/gcc/arm-none-eabi/10.3.1/../../../../arm-none-eabi/lib/thumb/v7-m/nofp\libc_nano.a(lib_a-nano-vfprintf_i.o)
                0x000000000800a5c0                _printf_i
 .text._putc_r  0x000000000800a80c       0x90 c:/st/stm32cubeide_1.9.0/stm32cubeide/plugins/com.st.stm32cube.ide.mcu.externaltools.gnu-tools-for-stm32.10.3-2021.10.win32_1.0.0.202111181127/tools/bin/../lib/gcc/arm-none-eabi/10.3.1/../../../../arm-none-eabi/lib/thumb/v7-m/nofp\libc_nano.a(lib_a-putc.o)
                0x000000000800a80c                _putc_r
 .text._sbrk_r  0x000000000800a89c       0x20 c:/st/stm32cubeide_1.9.0/stm32cubeide/plugins/com.st.stm32cube.ide.mcu.externaltools.gnu-tools-for-stm32.10.3-2021.10.win32_1.0.0.202111181127/tools/bin/../lib/gcc/arm-none-eabi/10.3.1/../../../../arm-none-eabi/lib/thumb/v7-m/nofp\libc_nano.a(lib_a-sbrkr.o)
                0x000000000800a89c                _sbrk_r
 .text.__sread  0x000000000800a8bc       0x22 c:/st/stm32cubeide_1.9.0/stm32cubeide/plugins/com.st.stm32cube.ide.mcu.externaltools.gnu-tools-for-stm32.10.3-2021.10.win32_1.0.0.202111181127/tools/bin/../lib/gcc/arm-none-eabi/10.3.1/../../../../arm-none-eabi/lib/thumb/v7-m/nofp\libc_nano.a(lib_a-stdio.o)
                0x000000000800a8bc                __sread
 .text.__swrite
                0x000000000800a8de       0x38 c:/st/stm32cubeide_1.9.0/stm32cubeide/plugins/com.st.stm32cube.ide.mcu.externaltools.gnu-tools-for-stm32.10.3-2021.10.win32_1.0.0.202111181127/tools/bin/../lib/gcc/arm-none-eabi/10.3.1/../../../../arm-none-eabi/lib/thumb/v7-m/nofp\libc_nano.a(lib_a-stdio.o)
                0x000000000800a8de                __swrite
 .text.__sseek  0x000000000800a916       0x24 c:/st/stm32cubeide_1.9.0/stm32cubeide/plugins/com.st.stm32cube.ide.mcu.externaltools.gnu-tools-for-stm32.10.3-2021.10.win32_1.0.0.202111181127/tools/bin/../lib/gcc/arm-none-eabi/10.3.1/../../../../arm-none-eabi/lib/thumb/v7-m/nofp\libc_nano.a(lib_a-stdio.o)
                0x000000000800a916                __sseek
 .text.__sclose
                0x000000000800a93a        0x8 c:/st/stm32cubeide_1.9.0/stm32cubeide/plugins/com.st.stm32cube.ide.mcu.externaltools.gnu-tools-for-stm32.10.3-2021.10.win32_1.0.0.202111181127/tools/bin/../lib/gcc/arm-none-eabi/10.3.1/../../../../arm-none-eabi/lib/thumb/v7-m/nofp\libc_nano.a(lib_a-stdio.o)
                0x000000000800a93a                __sclose
 *fill*         0x000000000800a942        0x2 
 .text.__swbuf_r
                0x000000000800a944       0xa4 c:/st/stm32cubeide_1.9.0/stm32cubeide/plugins/com.st.stm32cube.ide.mcu.externaltools.gnu-tools-for-stm32.10.3-2021.10.win32_1.0.0.202111181127/tools/bin/../lib/gcc/arm-none-eabi/10.3.1/../../../../arm-none-eabi/lib/thumb/v7-m/nofp\libc_nano.a(lib_a-wbuf.o)
                0x000000000800a944                __swbuf_r
 .text._write_r
                0x000000000800a9e8       0x24 c:/st/stm32cubeide_1.9.0/stm32cubeide/plugins/com.st.stm32cube.ide.mcu.externaltools.gnu-tools-for-stm32.10.3-2021.10.win32_1.0.0.202111181127/tools/bin/../lib/gcc/arm-none-eabi/10.3.1/../../../../arm-none-eabi/lib/thumb/v7-m/nofp\libc_nano.a(lib_a-writer.o)
                0x000000000800a9e8                _write_r
 .text.__swsetup_r
                0x000000000800aa0c       0xdc c:/st/stm32cubeide_1.9.0/stm32cubeide/plugins/com.st.stm32cube.ide.mcu.externaltools.gnu-tools-for-stm32.10.3-2021.10.win32_1.0.0.202111181127/tools/bin/../lib/gcc/arm-none-eabi/10.3.1/../../../../arm-none-eabi/lib/thumb/v7-m/nofp\libc_nano.a(lib_a-wsetup.o)
                0x000000000800aa0c                __swsetup_r
 .text._close_r
                0x000000000800aae8       0x20 c:/st/stm32cubeide_1.9.0/stm32cubeide/plugins/com.st.stm32cube.ide.mcu.externaltools.gnu-tools-for-stm32.10.3-2021.10.win32_1.0.0.202111181127/tools/bin/../lib/gcc/arm-none-eabi/10.3.1/../../../../arm-none-eabi/lib/thumb/v7-m/nofp\libc_nano.a(lib_a-closer.o)
                0x000000000800aae8                _close_r
 .text.__sflush_r
                0x000000000800ab08      0x104 c:/st/stm32cubeide_1.9.0/stm32cubeide/plugins/com.st.stm32cube.ide.mcu.externaltools.gnu-tools-for-stm32.10.3-2021.10.win32_1.0.0.202111181127/tools/bin/../lib/gcc/arm-none-eabi/10.3.1/../../../../arm-none-eabi/lib/thumb/v7-m/nofp\libc_nano.a(lib_a-fflush.o)
                0x000000000800ab08                __sflush_r
 .text._fflush_r
                0x000000000800ac0c       0x78 c:/st/stm32cubeide_1.9.0/stm32cubeide/plugins/com.st.stm32cube.ide.mcu.externaltools.gnu-tools-for-stm32.10.3-2021.10.win32_1.0.0.202111181127/tools/bin/../lib/gcc/arm-none-eabi/10.3.1/../../../../arm-none-eabi/lib/thumb/v7-m/nofp\libc_nano.a(lib_a-fflush.o)
                0x000000000800ac0c                _fflush_r
 .text._lseek_r
                0x000000000800ac84       0x24 c:/st/stm32cubeide_1.9.0/stm32cubeide/plugins/com.st.stm32cube.ide.mcu.externaltools.gnu-tools-for-stm32.10.3-2021.10.win32_1.0.0.202111181127/tools/bin/../lib/gcc/arm-none-eabi/10.3.1/../../../../arm-none-eabi/lib/thumb/v7-m/nofp\libc_nano.a(lib_a-lseekr.o)
                0x000000000800ac84                _lseek_r
 .text.__swhatbuf_r
                0x000000000800aca8       0x4a c:/st/stm32cubeide_1.9.0/stm32cubeide/plugins/com.st.stm32cube.ide.mcu.externaltools.gnu-tools-for-stm32.10.3-2021.10.win32_1.0.0.202111181127/tools/bin/../lib/gcc/arm-none-eabi/10.3.1/../../../../arm-none-eabi/lib/thumb/v7-m/nofp\libc_nano.a(lib_a-makebuf.o)
                0x000000000800aca8                __swhatbuf_r
 *fill*         0x000000000800acf2        0x2 
 .text.__smakebuf_r
                0x000000000800acf4       0x80 c:/st/stm32cubeide_1.9.0/stm32cubeide/plugins/com.st.stm32cube.ide.mcu.externaltools.gnu-tools-for-stm32.10.3-2021.10.win32_1.0.0.202111181127/tools/bin/../lib/gcc/arm-none-eabi/10.3.1/../../../../arm-none-eabi/lib/thumb/v7-m/nofp\libc_nano.a(lib_a-makebuf.o)
                0x000000000800acf4                __smakebuf_r
 .text.memchr   0x000000000800ad74       0x1c c:/st/stm32cubeide_1.9.0/stm32cubeide/plugins/com.st.stm32cube.ide.mcu.externaltools.gnu-tools-for-stm32.10.3-2021.10.win32_1.0.0.202111181127/tools/bin/../lib/gcc/arm-none-eabi/10.3.1/../../../../arm-none-eabi/lib/thumb/v7-m/nofp\libc_nano.a(lib_a-memchr-stub.o)
                0x000000000800ad74                memchr
 .text.__malloc_lock
                0x000000000800ad90        0xc c:/st/stm32cubeide_1.9.0/stm32cubeide/plugins/com.st.stm32cube.ide.mcu.externaltools.gnu-tools-for-stm32.10.3-2021.10.win32_1.0.0.202111181127/tools/bin/../lib/gcc/arm-none-eabi/10.3.1/../../../../arm-none-eabi/lib/thumb/v7-m/nofp\libc_nano.a(lib_a-mlock.o)
                0x000000000800ad90                __malloc_lock
 .text.__malloc_unlock
                0x000000000800ad9c        0xc c:/st/stm32cubeide_1.9.0/stm32cubeide/plugins/com.st.stm32cube.ide.mcu.externaltools.gnu-tools-for-stm32.10.3-2021.10.win32_1.0.0.202111181127/tools/bin/../lib/gcc/arm-none-eabi/10.3.1/../../../../arm-none-eabi/lib/thumb/v7-m/nofp\libc_nano.a(lib_a-mlock.o)
                0x000000000800ad9c                __malloc_unlock
 .text._free_r  0x000000000800ada8       0x90 c:/st/stm32cubeide_1.9.0/stm32cubeide/plugins/com.st.stm32cube.ide.mcu.externaltools.gnu-tools-for-stm32.10.3-2021.10.win32_1.0.0.202111181127/tools/bin/../lib/gcc/arm-none-eabi/10.3.1/../../../../arm-none-eabi/lib/thumb/v7-m/nofp\libc_nano.a(lib_a-nano-freer.o)
                0x000000000800ada8                _free_r
 .text._read_r  0x000000000800ae38       0x24 c:/st/stm32cubeide_1.9.0/stm32cubeide/plugins/com.st.stm32cube.ide.mcu.externaltools.gnu-tools-for-stm32.10.3-2021.10.win32_1.0.0.202111181127/tools/bin/../lib/gcc/arm-none-eabi/10.3.1/../../../../arm-none-eabi/lib/thumb/v7-m/nofp\libc_nano.a(lib_a-readr.o)
                0x000000000800ae38                _read_r
 .text._fstat_r
                0x000000000800ae5c       0x24 c:/st/stm32cubeide_1.9.0/stm32cubeide/plugins/com.st.stm32cube.ide.mcu.externaltools.gnu-tools-for-stm32.10.3-2021.10.win32_1.0.0.202111181127/tools/bin/../lib/gcc/arm-none-eabi/10.3.1/../../../../arm-none-eabi/lib/thumb/v7-m/nofp\libc_nano.a(lib_a-fstatr.o)
                0x000000000800ae5c                _fstat_r
 .text._isatty_r
                0x000000000800ae80       0x20 c:/st/stm32cubeide_1.9.0/stm32cubeide/plugins/com.st.stm32cube.ide.mcu.externaltools.gnu-tools-for-stm32.10.3-2021.10.win32_1.0.0.202111181127/tools/bin/../lib/gcc/arm-none-eabi/10.3.1/../../../../arm-none-eabi/lib/thumb/v7-m/nofp\libc_nano.a(lib_a-isattyr.o)
                0x000000000800ae80                _isatty_r
 *(.glue_7)
 .glue_7        0x000000000800aea0        0x0 linker stubs
 *(.glue_7t)
 .glue_7t       0x000000000800aea0        0x0 linker stubs
 *(.eh_frame)
 .eh_frame      0x000000000800aea0        0x0 c:/st/stm32cubeide_1.9.0/stm32cubeide/plugins/com.st.stm32cube.ide.mcu.externaltools.gnu-tools-for-stm32.10.3-2021.10.win32_1.0.0.202111181127/tools/bin/../lib/gcc/arm-none-eabi/10.3.1/thumb/v7-m/nofp/crtbegin.o
 *(.init)
 .init          0x000000000800aea0        0x4 c:/st/stm32cubeide_1.9.0/stm32cubeide/plugins/com.st.stm32cube.ide.mcu.externaltools.gnu-tools-for-stm32.10.3-2021.10.win32_1.0.0.202111181127/tools/bin/../lib/gcc/arm-none-eabi/10.3.1/thumb/v7-m/nofp/crti.o
                0x000000000800aea0                _init
 .init          0x000000000800aea4        0x8 c:/st/stm32cubeide_1.9.0/stm32cubeide/plugins/com.st.stm32cube.ide.mcu.externaltools.gnu-tools-for-stm32.10.3-2021.10.win32_1.0.0.202111181127/tools/bin/../lib/gcc/arm-none-eabi/10.3.1/thumb/v7-m/nofp/crtn.o
 *(.fini)
 .fini          0x000000000800aeac        0x4 c:/st/stm32cubeide_1.9.0/stm32cubeide/plugins/com.st.stm32cube.ide.mcu.externaltools.gnu-tools-for-stm32.10.3-2021.10.win32_1.0.0.202111181127/tools/bin/../lib/gcc/arm-none-eabi/10.3.1/thumb/v7-m/nofp/crti.o
                0x000000000800aeac                _fini
 .fini          0x000000000800aeb0        0x8 c:/st/stm32cubeide_1.9.0/stm32cubeide/plugins/com.st.stm32cube.ide.mcu.externaltools.gnu-tools-for-stm32.10.3-2021.10.win32_1.0.0.202111181127/tools/bin/../lib/gcc/arm-none-eabi/10.3.1/thumb/v7-m/nofp/crtn.o
                0x000000000800aeb8                . = ALIGN (0x4)
                0x000000000800aeb8                _etext = .

.vfp11_veneer   0x000000000800aeb8        0x0
 .vfp11_veneer  0x000000000800aeb8        0x0 linker stubs

.v4_bx          0x000000000800aeb8        0x0
 .v4_bx         0x000000000800aeb8        0x0 linker stubs

.iplt           0x000000000800aeb8        0x0
 .iplt          0x000000000800aeb8        0x0 c:/st/stm32cubeide_1.9.0/stm32cubeide/plugins/com.st.stm32cube.ide.mcu.externaltools.gnu-tools-for-stm32.10.3-2021.10.win32_1.0.0.202111181127/tools/bin/../lib/gcc/arm-none-eabi/10.3.1/thumb/v7-m/nofp/crtbegin.o

.rodata         0x000000000800aeb8      0x138
                0x000000000800aeb8                . = ALIGN (0x4)
 *(.rodata)
 .rodata        0x000000000800aeb8       0x46 ./Application/User/USB_DEVICE/App/usbd_desc.o
 *fill*         0x000000000800aefe        0x2 
 .rodata        0x000000000800af00       0x10 ./Drivers/STM32F1xx_HAL_Driver/stm32f1xx_hal_rcc.o
 .rodata        0x000000000800af10       0x35 ./Middlewares/USB_Device_Library/usbd_core.o
 *(.rodata*)
 *fill*         0x000000000800af45        0x3 
 .rodata.AHBPrescTable
                0x000000000800af48       0x10 ./Drivers/CMSIS/system_stm32f1xx.o
                0x000000000800af48                AHBPrescTable
 .rodata._global_impure_ptr
                0x000000000800af58        0x4 c:/st/stm32cubeide_1.9.0/stm32cubeide/plugins/com.st.stm32cube.ide.mcu.externaltools.gnu-tools-for-stm32.10.3-2021.10.win32_1.0.0.202111181127/tools/bin/../lib/gcc/arm-none-eabi/10.3.1/../../../../arm-none-eabi/lib/thumb/v7-m/nofp\libc_nano.a(lib_a-impure.o)
                0x000000000800af58                _global_impure_ptr
 .rodata.__sf_fake_stderr
                0x000000000800af5c       0x20 c:/st/stm32cubeide_1.9.0/stm32cubeide/plugins/com.st.stm32cube.ide.mcu.externaltools.gnu-tools-for-stm32.10.3-2021.10.win32_1.0.0.202111181127/tools/bin/../lib/gcc/arm-none-eabi/10.3.1/../../../../arm-none-eabi/lib/thumb/v7-m/nofp\libc_nano.a(lib_a-findfp.o)
                0x000000000800af5c                __sf_fake_stderr
 .rodata.__sf_fake_stdin
                0x000000000800af7c       0x20 c:/st/stm32cubeide_1.9.0/stm32cubeide/plugins/com.st.stm32cube.ide.mcu.externaltools.gnu-tools-for-stm32.10.3-2021.10.win32_1.0.0.202111181127/tools/bin/../lib/gcc/arm-none-eabi/10.3.1/../../../../arm-none-eabi/lib/thumb/v7-m/nofp\libc_nano.a(lib_a-findfp.o)
                0x000000000800af7c                __sf_fake_stdin
 .rodata.__sf_fake_stdout
                0x000000000800af9c       0x20 c:/st/stm32cubeide_1.9.0/stm32cubeide/plugins/com.st.stm32cube.ide.mcu.externaltools.gnu-tools-for-stm32.10.3-2021.10.win32_1.0.0.202111181127/tools/bin/../lib/gcc/arm-none-eabi/10.3.1/../../../../arm-none-eabi/lib/thumb/v7-m/nofp\libc_nano.a(lib_a-findfp.o)
                0x000000000800af9c                __sf_fake_stdout
 .rodata._vfprintf_r.str1.1
                0x000000000800afbc       0x11 c:/st/stm32cubeide_1.9.0/stm32cubeide/plugins/com.st.stm32cube.ide.mcu.externaltools.gnu-tools-for-stm32.10.3-2021.10.win32_1.0.0.202111181127/tools/bin/../lib/gcc/arm-none-eabi/10.3.1/../../../../arm-none-eabi/lib/thumb/v7-m/nofp\libc_nano.a(lib_a-nano-vfprintf.o)
 .rodata._printf_i.str1.1
                0x000000000800afcd       0x22 c:/st/stm32cubeide_1.9.0/stm32cubeide/plugins/com.st.stm32cube.ide.mcu.externaltools.gnu-tools-for-stm32.10.3-2021.10.win32_1.0.0.202111181127/tools/bin/../lib/gcc/arm-none-eabi/10.3.1/../../../../arm-none-eabi/lib/thumb/v7-m/nofp\libc_nano.a(lib_a-nano-vfprintf_i.o)
                0x000000000800aff0                . = ALIGN (0x4)
 *fill*         0x000000000800afef        0x1 

.rel.dyn        0x000000000800aff0        0x0
 .rel.iplt      0x000000000800aff0        0x0 c:/st/stm32cubeide_1.9.0/stm32cubeide/plugins/com.st.stm32cube.ide.mcu.externaltools.gnu-tools-for-stm32.10.3-2021.10.win32_1.0.0.202111181127/tools/bin/../lib/gcc/arm-none-eabi/10.3.1/thumb/v7-m/nofp/crtbegin.o

.ARM.extab      0x000000000800aff0        0x0
                0x000000000800aff0                . = ALIGN (0x4)
 *(.ARM.extab* .gnu.linkonce.armextab.*)
                0x000000000800aff0                . = ALIGN (0x4)

.ARM            0x000000000800aff0        0x0
                0x000000000800aff0                . = ALIGN (0x4)
                0x000000000800aff0                __exidx_start = .
 *(.ARM.exidx*)
                0x000000000800aff0                __exidx_end = .
                0x000000000800aff0                . = ALIGN (0x4)

.preinit_array  0x000000000800aff0        0x0
                0x000000000800aff0                . = ALIGN (0x4)
                0x000000000800aff0                PROVIDE (__preinit_array_start = .)
 *(.preinit_array*)
                0x000000000800aff0                PROVIDE (__preinit_array_end = .)
                0x000000000800aff0                . = ALIGN (0x4)

.init_array     0x000000000800aff0        0x4
                0x000000000800aff0                . = ALIGN (0x4)
                0x000000000800aff0                PROVIDE (__init_array_start = .)
 *(SORT_BY_NAME(.init_array.*))
 *(.init_array*)
 .init_array    0x000000000800aff0        0x4 c:/st/stm32cubeide_1.9.0/stm32cubeide/plugins/com.st.stm32cube.ide.mcu.externaltools.gnu-tools-for-stm32.10.3-2021.10.win32_1.0.0.202111181127/tools/bin/../lib/gcc/arm-none-eabi/10.3.1/thumb/v7-m/nofp/crtbegin.o
                0x000000000800aff4                PROVIDE (__init_array_end = .)
                0x000000000800aff4                . = ALIGN (0x4)

.fini_array     0x000000000800aff4        0x4
                0x000000000800aff4                . = ALIGN (0x4)
                [!provide]                        PROVIDE (__fini_array_start = .)
 *(SORT_BY_NAME(.fini_array.*))
 *(.fini_array*)
 .fini_array    0x000000000800aff4        0x4 c:/st/stm32cubeide_1.9.0/stm32cubeide/plugins/com.st.stm32cube.ide.mcu.externaltools.gnu-tools-for-stm32.10.3-2021.10.win32_1.0.0.202111181127/tools/bin/../lib/gcc/arm-none-eabi/10.3.1/thumb/v7-m/nofp/crtbegin.o
                [!provide]                        PROVIDE (__fini_array_end = .)
                0x000000000800aff8                . = ALIGN (0x4)
                0x000000000800aff8                _sidata = LOADADDR (.data)

.data           0x0000000020000000      0x1e4 load address 0x000000000800aff8
                0x0000000020000000                . = ALIGN (0x4)
                0x0000000020000000                _sdata = .
 *(.data)
 *(.data*)
 .data.current_pos
                0x0000000020000000        0x1 ./Application/User/Core/main.o
                0x0000000020000000                current_pos
 *fill*         0x0000000020000001        0x3 
 .data.USBD_Interface_fops_FS
                0x0000000020000004       0x10 ./Application/User/USB_DEVICE/App/usbd_cdc_if.o
                0x0000000020000004                USBD_Interface_fops_FS
 .data.FS_Desc  0x0000000020000014       0x1c ./Application/User/USB_DEVICE/App/usbd_desc.o
                0x0000000020000014                FS_Desc
 .data.USBD_FS_DeviceDesc
                0x0000000020000030       0x12 ./Application/User/USB_DEVICE/App/usbd_desc.o
                0x0000000020000030                USBD_FS_DeviceDesc
 *fill*         0x0000000020000042        0x2 
 .data.USBD_LangIDDesc
                0x0000000020000044        0x4 ./Application/User/USB_DEVICE/App/usbd_desc.o
                0x0000000020000044                USBD_LangIDDesc
 .data.USBD_StringSerial
                0x0000000020000048       0x1a ./Application/User/USB_DEVICE/App/usbd_desc.o
                0x0000000020000048                USBD_StringSerial
 *fill*         0x0000000020000062        0x2 
 .data.SystemCoreClock
                0x0000000020000064        0x4 ./Drivers/CMSIS/system_stm32f1xx.o
                0x0000000020000064                SystemCoreClock
 .data.uwTickPrio
                0x0000000020000068        0x4 ./Drivers/STM32F1xx_HAL_Driver/stm32f1xx_hal.o
                0x0000000020000068                uwTickPrio
 .data.uwTickFreq
                0x000000002000006c        0x1 ./Drivers/STM32F1xx_HAL_Driver/stm32f1xx_hal.o
                0x000000002000006c                uwTickFreq
 *fill*         0x000000002000006d        0x3 
 .data.USBD_CDC_DeviceQualifierDesc
                0x0000000020000070        0xa ./Middlewares/USB_Device_Library/usbd_cdc.o
 *fill*         0x000000002000007a        0x2 
 .data.USBD_CDC
                0x000000002000007c       0x38 ./Middlewares/USB_Device_Library/usbd_cdc.o
                0x000000002000007c                USBD_CDC
 .data.USBD_CDC_CfgHSDesc
                0x00000000200000b4       0x43 ./Middlewares/USB_Device_Library/usbd_cdc.o
                0x00000000200000b4                USBD_CDC_CfgHSDesc
 *fill*         0x00000000200000f7        0x1 
 .data.USBD_CDC_CfgFSDesc
                0x00000000200000f8       0x43 ./Middlewares/USB_Device_Library/usbd_cdc.o
                0x00000000200000f8                USBD_CDC_CfgFSDesc
 *fill*         0x000000002000013b        0x1 
 .data.USBD_CDC_OtherSpeedCfgDesc
                0x000000002000013c       0x43 ./Middlewares/USB_Device_Library/usbd_cdc.o
                0x000000002000013c                USBD_CDC_OtherSpeedCfgDesc
 *fill*         0x000000002000017f        0x1 
 .data._impure_ptr
                0x0000000020000180        0x4 c:/st/stm32cubeide_1.9.0/stm32cubeide/plugins/com.st.stm32cube.ide.mcu.externaltools.gnu-tools-for-stm32.10.3-2021.10.win32_1.0.0.202111181127/tools/bin/../lib/gcc/arm-none-eabi/10.3.1/../../../../arm-none-eabi/lib/thumb/v7-m/nofp\libc_nano.a(lib_a-impure.o)
                0x0000000020000180                _impure_ptr
 .data.impure_data
                0x0000000020000184       0x60 c:/st/stm32cubeide_1.9.0/stm32cubeide/plugins/com.st.stm32cube.ide.mcu.externaltools.gnu-tools-for-stm32.10.3-2021.10.win32_1.0.0.202111181127/tools/bin/../lib/gcc/arm-none-eabi/10.3.1/../../../../arm-none-eabi/lib/thumb/v7-m/nofp\libc_nano.a(lib_a-impure.o)
 *(.RamFunc)
 *(.RamFunc*)
                0x00000000200001e4                . = ALIGN (0x4)
                0x00000000200001e4                _edata = .

.igot.plt       0x00000000200001e4        0x0 load address 0x000000000800b1dc
 .igot.plt      0x00000000200001e4        0x0 c:/st/stm32cubeide_1.9.0/stm32cubeide/plugins/com.st.stm32cube.ide.mcu.externaltools.gnu-tools-for-stm32.10.3-2021.10.win32_1.0.0.202111181127/tools/bin/../lib/gcc/arm-none-eabi/10.3.1/thumb/v7-m/nofp/crtbegin.o
                0x00000000200001e4                . = ALIGN (0x4)

.bss            0x00000000200001e4     0x127c load address 0x000000000800b1dc
                0x00000000200001e4                _sbss = .
                0x00000000200001e4                __bss_start__ = _sbss
 *(.bss)
 .bss           0x00000000200001e4       0x1c c:/st/stm32cubeide_1.9.0/stm32cubeide/plugins/com.st.stm32cube.ide.mcu.externaltools.gnu-tools-for-stm32.10.3-2021.10.win32_1.0.0.202111181127/tools/bin/../lib/gcc/arm-none-eabi/10.3.1/thumb/v7-m/nofp/crtbegin.o
 *(.bss*)
 .bss.htim1     0x0000000020000200       0x48 ./Application/User/Core/main.o
                0x0000000020000200                htim1
 .bss.htim2     0x0000000020000248       0x48 ./Application/User/Core/main.o
                0x0000000020000248                htim2
 .bss.vol_IC_val1
                0x0000000020000290        0x4 ./Application/User/Core/main.o
                0x0000000020000290                vol_IC_val1
 .bss.vol_IC_val2
                0x0000000020000294        0x4 ./Application/User/Core/main.o
                0x0000000020000294                vol_IC_val2
 .bss.vol_period_ticks
                0x0000000020000298        0x4 ./Application/User/Core/main.o
                0x0000000020000298                vol_period_ticks
 .bss.vol_is_first_captured
                0x000000002000029c        0x4 ./Application/User/Core/main.o
                0x000000002000029c                vol_is_first_captured
 .bss.vol_frequency
                0x00000000200002a0        0x4 ./Application/User/Core/main.o
                0x00000000200002a0                vol_frequency
 .bss.vol_finished_one_measurement
                0x00000000200002a4        0x1 ./Application/User/Core/main.o
                0x00000000200002a4                vol_finished_one_measurement
 .bss.vol_current_timer
                0x00000000200002a5        0x1 ./Application/User/Core/main.o
                0x00000000200002a5                vol_current_timer
 *fill*         0x00000000200002a6        0x2 
 .bss.__sbrk_heap_end
                0x00000000200002a8        0x4 ./Application/User/Core/sysmem.o
 .bss.hUsbDeviceFS
                0x00000000200002ac      0x2c4 ./Application/User/USB_DEVICE/App/usb_device.o
                0x00000000200002ac                hUsbDeviceFS
 .bss.UserRxBufferFS
                0x0000000020000570      0x3e8 ./Application/User/USB_DEVICE/App/usbd_cdc_if.o
                0x0000000020000570                UserRxBufferFS
 .bss.UserTxBufferFS
                0x0000000020000958      0x3e8 ./Application/User/USB_DEVICE/App/usbd_cdc_if.o
                0x0000000020000958                UserTxBufferFS
 .bss.USBD_StrDesc
                0x0000000020000d40      0x200 ./Application/User/USB_DEVICE/App/usbd_desc.o
                0x0000000020000d40                USBD_StrDesc
 .bss.hpcd_USB_FS
                0x0000000020000f40      0x2ec ./Application/User/USB_DEVICE/Target/usbd_conf.o
                0x0000000020000f40                hpcd_USB_FS
 .bss.mem.0     0x000000002000122c      0x220 ./Application/User/USB_DEVICE/Target/usbd_conf.o
 .bss.uwTick    0x000000002000144c        0x4 ./Drivers/STM32F1xx_HAL_Driver/stm32f1xx_hal.o
                0x000000002000144c                uwTick
 .bss.cfgidx.0  0x0000000020001450        0x1 ./Middlewares/USB_Device_Library/usbd_ctlreq.o
 .bss.__lock___malloc_recursive_mutex
                0x0000000020001451        0x1 c:/st/stm32cubeide_1.9.0/stm32cubeide/plugins/com.st.stm32cube.ide.mcu.externaltools.gnu-tools-for-stm32.10.3-2021.10.win32_1.0.0.202111181127/tools/bin/../lib/gcc/arm-none-eabi/10.3.1/../../../../arm-none-eabi/lib/thumb/v7-m/nofp\libc_nano.a(lib_a-lock.o)
                0x0000000020001451                __lock___malloc_recursive_mutex
 .bss.__lock___sfp_recursive_mutex
                0x0000000020001452        0x1 c:/st/stm32cubeide_1.9.0/stm32cubeide/plugins/com.st.stm32cube.ide.mcu.externaltools.gnu-tools-for-stm32.10.3-2021.10.win32_1.0.0.202111181127/tools/bin/../lib/gcc/arm-none-eabi/10.3.1/../../../../arm-none-eabi/lib/thumb/v7-m/nofp\libc_nano.a(lib_a-lock.o)
                0x0000000020001452                __lock___sfp_recursive_mutex
 .bss.__lock___sinit_recursive_mutex
                0x0000000020001453        0x1 c:/st/stm32cubeide_1.9.0/stm32cubeide/plugins/com.st.stm32cube.ide.mcu.externaltools.gnu-tools-for-stm32.10.3-2021.10.win32_1.0.0.202111181127/tools/bin/../lib/gcc/arm-none-eabi/10.3.1/../../../../arm-none-eabi/lib/thumb/v7-m/nofp\libc_nano.a(lib_a-lock.o)
                0x0000000020001453                __lock___sinit_recursive_mutex
 .bss.__malloc_free_list
                0x0000000020001454        0x4 c:/st/stm32cubeide_1.9.0/stm32cubeide/plugins/com.st.stm32cube.ide.mcu.externaltools.gnu-tools-for-stm32.10.3-2021.10.win32_1.0.0.202111181127/tools/bin/../lib/gcc/arm-none-eabi/10.3.1/../../../../arm-none-eabi/lib/thumb/v7-m/nofp\libc_nano.a(lib_a-nano-mallocr.o)
                0x0000000020001454                __malloc_free_list
 .bss.__malloc_sbrk_start
                0x0000000020001458        0x4 c:/st/stm32cubeide_1.9.0/stm32cubeide/plugins/com.st.stm32cube.ide.mcu.externaltools.gnu-tools-for-stm32.10.3-2021.10.win32_1.0.0.202111181127/tools/bin/../lib/gcc/arm-none-eabi/10.3.1/../../../../arm-none-eabi/lib/thumb/v7-m/nofp\libc_nano.a(lib_a-nano-mallocr.o)
                0x0000000020001458                __malloc_sbrk_start
 .bss.errno     0x000000002000145c        0x4 c:/st/stm32cubeide_1.9.0/stm32cubeide/plugins/com.st.stm32cube.ide.mcu.externaltools.gnu-tools-for-stm32.10.3-2021.10.win32_1.0.0.202111181127/tools/bin/../lib/gcc/arm-none-eabi/10.3.1/../../../../arm-none-eabi/lib/thumb/v7-m/nofp\libc_nano.a(lib_a-reent.o)
                0x000000002000145c                errno
 *(COMMON)
                0x0000000020001460                . = ALIGN (0x4)
                0x0000000020001460                _ebss = .
                0x0000000020001460                __bss_end__ = _ebss

._user_heap_stack
                0x0000000020001460      0x600 load address 0x000000000800b1dc
                0x0000000020001460                . = ALIGN (0x8)
                [!provide]                        PROVIDE (end = .)
                0x0000000020001460                PROVIDE (_end = .)
                0x0000000020001660                . = (. + _Min_Heap_Size)
 *fill*         0x0000000020001460      0x200 
                0x0000000020001a60                . = (. + _Min_Stack_Size)
 *fill*         0x0000000020001660      0x400 
                0x0000000020001a60                . = ALIGN (0x8)

/DISCARD/
 libc.a(*)
 libm.a(*)
 libgcc.a(*)

.ARM.attributes
                0x0000000000000000       0x29
 *(.ARM.attributes)
 .ARM.attributes
                0x0000000000000000       0x1d c:/st/stm32cubeide_1.9.0/stm32cubeide/plugins/com.st.stm32cube.ide.mcu.externaltools.gnu-tools-for-stm32.10.3-2021.10.win32_1.0.0.202111181127/tools/bin/../lib/gcc/arm-none-eabi/10.3.1/thumb/v7-m/nofp/crti.o
 .ARM.attributes
                0x000000000000001d       0x2d c:/st/stm32cubeide_1.9.0/stm32cubeide/plugins/com.st.stm32cube.ide.mcu.externaltools.gnu-tools-for-stm32.10.3-2021.10.win32_1.0.0.202111181127/tools/bin/../lib/gcc/arm-none-eabi/10.3.1/thumb/v7-m/nofp/crtbegin.o
 .ARM.attributes
                0x000000000000004a       0x2d ./Application/User/Core/main.o
 .ARM.attributes
                0x0000000000000077       0x2d ./Application/User/Core/stm32f1xx_hal_msp.o
 .ARM.attributes
                0x00000000000000a4       0x2d ./Application/User/Core/stm32f1xx_it.o
 .ARM.attributes
                0x00000000000000d1       0x2d ./Application/User/Core/syscalls.o
 .ARM.attributes
                0x00000000000000fe       0x2d ./Application/User/Core/sysmem.o
 .ARM.attributes
                0x000000000000012b       0x21 ./Application/User/Startup/startup_stm32f103c8tx.o
 .ARM.attributes
                0x000000000000014c       0x2d ./Application/User/USB_DEVICE/App/usb_device.o
 .ARM.attributes
                0x0000000000000179       0x2d ./Application/User/USB_DEVICE/App/usbd_cdc_if.o
 .ARM.attributes
                0x00000000000001a6       0x2d ./Application/User/USB_DEVICE/App/usbd_desc.o
 .ARM.attributes
                0x00000000000001d3       0x2d ./Application/User/USB_DEVICE/Target/usbd_conf.o
 .ARM.attributes
                0x0000000000000200       0x2d ./Drivers/CMSIS/system_stm32f1xx.o
 .ARM.attributes
                0x000000000000022d       0x2d ./Drivers/STM32F1xx_HAL_Driver/stm32f1xx_hal.o
 .ARM.attributes
                0x000000000000025a       0x2d ./Drivers/STM32F1xx_HAL_Driver/stm32f1xx_hal_cortex.o
 .ARM.attributes
                0x0000000000000287       0x2d ./Drivers/STM32F1xx_HAL_Driver/stm32f1xx_hal_gpio.o
 .ARM.attributes
                0x00000000000002b4       0x2d ./Drivers/STM32F1xx_HAL_Driver/stm32f1xx_hal_pcd.o
 .ARM.attributes
                0x00000000000002e1       0x2d ./Drivers/STM32F1xx_HAL_Driver/stm32f1xx_hal_pcd_ex.o
 .ARM.attributes
                0x000000000000030e       0x2d ./Drivers/STM32F1xx_HAL_Driver/stm32f1xx_hal_rcc.o
 .ARM.attributes
                0x000000000000033b       0x2d ./Drivers/STM32F1xx_HAL_Driver/stm32f1xx_hal_rcc_ex.o
 .ARM.attributes
                0x0000000000000368       0x2d ./Drivers/STM32F1xx_HAL_Driver/stm32f1xx_hal_tim.o
 .ARM.attributes
                0x0000000000000395       0x2d ./Drivers/STM32F1xx_HAL_Driver/stm32f1xx_hal_tim_ex.o
 .ARM.attributes
                0x00000000000003c2       0x2d ./Drivers/STM32F1xx_HAL_Driver/stm32f1xx_ll_usb.o
 .ARM.attributes
                0x00000000000003ef       0x2d ./Middlewares/USB_Device_Library/usbd_cdc.o
 .ARM.attributes
                0x000000000000041c       0x2d ./Middlewares/USB_Device_Library/usbd_core.o
 .ARM.attributes
                0x0000000000000449       0x2d ./Middlewares/USB_Device_Library/usbd_ctlreq.o
 .ARM.attributes
                0x0000000000000476       0x2d ./Middlewares/USB_Device_Library/usbd_ioreq.o
 .ARM.attributes
                0x00000000000004a3       0x2d c:/st/stm32cubeide_1.9.0/stm32cubeide/plugins/com.st.stm32cube.ide.mcu.externaltools.gnu-tools-for-stm32.10.3-2021.10.win32_1.0.0.202111181127/tools/bin/../lib/gcc/arm-none-eabi/10.3.1/../../../../arm-none-eabi/lib/thumb/v7-m/nofp\libc_nano.a(lib_a-errno.o)
 .ARM.attributes
                0x00000000000004d0       0x2d c:/st/stm32cubeide_1.9.0/stm32cubeide/plugins/com.st.stm32cube.ide.mcu.externaltools.gnu-tools-for-stm32.10.3-2021.10.win32_1.0.0.202111181127/tools/bin/../lib/gcc/arm-none-eabi/10.3.1/../../../../arm-none-eabi/lib/thumb/v7-m/nofp\libc_nano.a(lib_a-impure.o)
 .ARM.attributes
                0x00000000000004fd       0x2d c:/st/stm32cubeide_1.9.0/stm32cubeide/plugins/com.st.stm32cube.ide.mcu.externaltools.gnu-tools-for-stm32.10.3-2021.10.win32_1.0.0.202111181127/tools/bin/../lib/gcc/arm-none-eabi/10.3.1/../../../../arm-none-eabi/lib/thumb/v7-m/nofp\libc_nano.a(lib_a-init.o)
 .ARM.attributes
                0x000000000000052a       0x2d c:/st/stm32cubeide_1.9.0/stm32cubeide/plugins/com.st.stm32cube.ide.mcu.externaltools.gnu-tools-for-stm32.10.3-2021.10.win32_1.0.0.202111181127/tools/bin/../lib/gcc/arm-none-eabi/10.3.1/../../../../arm-none-eabi/lib/thumb/v7-m/nofp\libc_nano.a(lib_a-memset.o)
 .ARM.attributes
                0x0000000000000557       0x2d c:/st/stm32cubeide_1.9.0/stm32cubeide/plugins/com.st.stm32cube.ide.mcu.externaltools.gnu-tools-for-stm32.10.3-2021.10.win32_1.0.0.202111181127/tools/bin/../lib/gcc/arm-none-eabi/10.3.1/../../../../arm-none-eabi/lib/thumb/v7-m/nofp\libc_nano.a(lib_a-printf.o)
 .ARM.attributes
                0x0000000000000584       0x2d c:/st/stm32cubeide_1.9.0/stm32cubeide/plugins/com.st.stm32cube.ide.mcu.externaltools.gnu-tools-for-stm32.10.3-2021.10.win32_1.0.0.202111181127/tools/bin/../lib/gcc/arm-none-eabi/10.3.1/../../../../arm-none-eabi/lib/thumb/v7-m/nofp\libc_nano.a(lib_a-putchar.o)
 .ARM.attributes
                0x00000000000005b1       0x2d c:/st/stm32cubeide_1.9.0/stm32cubeide/plugins/com.st.stm32cube.ide.mcu.externaltools.gnu-tools-for-stm32.10.3-2021.10.win32_1.0.0.202111181127/tools/bin/../lib/gcc/arm-none-eabi/10.3.1/../../../../arm-none-eabi/lib/thumb/v7-m/nofp\libc_nano.a(lib_a-findfp.o)
 .ARM.attributes
                0x00000000000005de       0x2d c:/st/stm32cubeide_1.9.0/stm32cubeide/plugins/com.st.stm32cube.ide.mcu.externaltools.gnu-tools-for-stm32.10.3-2021.10.win32_1.0.0.202111181127/tools/bin/../lib/gcc/arm-none-eabi/10.3.1/../../../../arm-none-eabi/lib/thumb/v7-m/nofp\libc_nano.a(lib_a-fwalk.o)
 .ARM.attributes
                0x000000000000060b       0x2d c:/st/stm32cubeide_1.9.0/stm32cubeide/plugins/com.st.stm32cube.ide.mcu.externaltools.gnu-tools-for-stm32.10.3-2021.10.win32_1.0.0.202111181127/tools/bin/../lib/gcc/arm-none-eabi/10.3.1/../../../../arm-none-eabi/lib/thumb/v7-m/nofp\libc_nano.a(lib_a-lock.o)
 .ARM.attributes
                0x0000000000000638       0x2d c:/st/stm32cubeide_1.9.0/stm32cubeide/plugins/com.st.stm32cube.ide.mcu.externaltools.gnu-tools-for-stm32.10.3-2021.10.win32_1.0.0.202111181127/tools/bin/../lib/gcc/arm-none-eabi/10.3.1/../../../../arm-none-eabi/lib/thumb/v7-m/nofp\libc_nano.a(lib_a-nano-mallocr.o)
 .ARM.attributes
                0x0000000000000665       0x2d c:/st/stm32cubeide_1.9.0/stm32cubeide/plugins/com.st.stm32cube.ide.mcu.externaltools.gnu-tools-for-stm32.10.3-2021.10.win32_1.0.0.202111181127/tools/bin/../lib/gcc/arm-none-eabi/10.3.1/../../../../arm-none-eabi/lib/thumb/v7-m/nofp\libc_nano.a(lib_a-nano-vfprintf.o)
 .ARM.attributes
                0x0000000000000692       0x2d c:/st/stm32cubeide_1.9.0/stm32cubeide/plugins/com.st.stm32cube.ide.mcu.externaltools.gnu-tools-for-stm32.10.3-2021.10.win32_1.0.0.202111181127/tools/bin/../lib/gcc/arm-none-eabi/10.3.1/../../../../arm-none-eabi/lib/thumb/v7-m/nofp\libc_nano.a(lib_a-nano-vfprintf_i.o)
 .ARM.attributes
                0x00000000000006bf       0x2d c:/st/stm32cubeide_1.9.0/stm32cubeide/plugins/com.st.stm32cube.ide.mcu.externaltools.gnu-tools-for-stm32.10.3-2021.10.win32_1.0.0.202111181127/tools/bin/../lib/gcc/arm-none-eabi/10.3.1/../../../../arm-none-eabi/lib/thumb/v7-m/nofp\libc_nano.a(lib_a-putc.o)
 .ARM.attributes
                0x00000000000006ec       0x2d c:/st/stm32cubeide_1.9.0/stm32cubeide/plugins/com.st.stm32cube.ide.mcu.externaltools.gnu-tools-for-stm32.10.3-2021.10.win32_1.0.0.202111181127/tools/bin/../lib/gcc/arm-none-eabi/10.3.1/../../../../arm-none-eabi/lib/thumb/v7-m/nofp\libc_nano.a(lib_a-sbrkr.o)
 .ARM.attributes
                0x0000000000000719       0x2d c:/st/stm32cubeide_1.9.0/stm32cubeide/plugins/com.st.stm32cube.ide.mcu.externaltools.gnu-tools-for-stm32.10.3-2021.10.win32_1.0.0.202111181127/tools/bin/../lib/gcc/arm-none-eabi/10.3.1/../../../../arm-none-eabi/lib/thumb/v7-m/nofp\libc_nano.a(lib_a-stdio.o)
 .ARM.attributes
                0x0000000000000746       0x2d c:/st/stm32cubeide_1.9.0/stm32cubeide/plugins/com.st.stm32cube.ide.mcu.externaltools.gnu-tools-for-stm32.10.3-2021.10.win32_1.0.0.202111181127/tools/bin/../lib/gcc/arm-none-eabi/10.3.1/../../../../arm-none-eabi/lib/thumb/v7-m/nofp\libc_nano.a(lib_a-wbuf.o)
 .ARM.attributes