C:/Users/Suz/STM32/volume_stm/Core/Src/main.c:96:5:main	8	static
C:/Users/Suz/STM32/volume_stm/Core/Src/main.c:163:6:SystemClock_Config	88	static
C:/Users/Suz/STM32/volume_stm/Core/Src/main.c:206:13:MX_TIM1_Init	48	static
C:/Users/Suz/STM32/volume_stm/Core/Src/main.c:260:13:MX_TIM2_Init	64	static
C:/Users/Suz/STM32/volume_stm/Core/Src/main.c:327:13:MX_GPIO_Init	40	static
C:/Users/Suz/STM32/volume_stm/Core/Src/main.c:356:6:vol_calibrate_antenna	24	static
C:/Users/Suz/STM32/volume_stm/Core/Src/main.c:376:9:is_in_range	24	static
C:/Users/Suz/STM32/volume_stm/Core/Src/main.c:379:6:vol_play_hw	16	static
C:/Users/Suz/STM32/volume_stm/Core/Src/main.c:382:6:vol_play	24	static
C:/Users/Suz/STM32/volume_stm/Core/Src/main.c:400:6:HAL_TIM_IC_CaptureCallback	24	static
C:/Users/Suz/STM32/volume_stm/Core/Src/main.c:447:6:Error_Handler	4	static,ignoring_inline_asm
